<!doctype html public "-//w3c//dtd html 4.0 transitional//en">
<html><head>
<title>Static Call Graph - [.\Objects\LAB_001.axf]</title></head>
<body><HR>
<H1>Static Call Graph for image .\Objects\LAB_001.axf</H1><HR>
<BR><P>#&#060CALLGRAPH&#062# ARM Linker, 5060960: Last Updated: Mon Jan 31 15:17:00 2022
<BR><P>
<H3>Maximum Stack Usage =         80 bytes + Unknown(Functions without stacksize, Cycles, Untraceable Function Pointers)</H3><H3>
Call chain for Maximum Stack Depth:</H3>
__rt_entry_main &rArr; main &rArr; update_autonomous &rArr; __aeabi_dmul
<P>
<H3>
Functions with no stack information
</H3><UL>
 <LI><a href="#[38]">__user_initial_stackheap</a>
</UL>
</UL>
<P>
<H3>
Mutually Recursive functions
</H3> <LI><a href="#[3]">NMI_Handler</a>&nbsp;&nbsp;&nbsp;&rArr;&nbsp;&nbsp;&nbsp;<a href="#[3]">NMI_Handler</a><BR>
 <LI><a href="#[4]">HardFault_Handler</a>&nbsp;&nbsp;&nbsp;&rArr;&nbsp;&nbsp;&nbsp;<a href="#[4]">HardFault_Handler</a><BR>
 <LI><a href="#[5]">MemManage_Handler</a>&nbsp;&nbsp;&nbsp;&rArr;&nbsp;&nbsp;&nbsp;<a href="#[5]">MemManage_Handler</a><BR>
 <LI><a href="#[6]">BusFault_Handler</a>&nbsp;&nbsp;&nbsp;&rArr;&nbsp;&nbsp;&nbsp;<a href="#[6]">BusFault_Handler</a><BR>
 <LI><a href="#[7]">UsageFault_Handler</a>&nbsp;&nbsp;&nbsp;&rArr;&nbsp;&nbsp;&nbsp;<a href="#[7]">UsageFault_Handler</a><BR>
 <LI><a href="#[8]">SVC_Handler</a>&nbsp;&nbsp;&nbsp;&rArr;&nbsp;&nbsp;&nbsp;<a href="#[8]">SVC_Handler</a><BR>
 <LI><a href="#[9]">DebugMon_Handler</a>&nbsp;&nbsp;&nbsp;&rArr;&nbsp;&nbsp;&nbsp;<a href="#[9]">DebugMon_Handler</a><BR>
 <LI><a href="#[a]">PendSV_Handler</a>&nbsp;&nbsp;&nbsp;&rArr;&nbsp;&nbsp;&nbsp;<a href="#[a]">PendSV_Handler</a><BR>
 <LI><a href="#[b]">SysTick_Handler</a>&nbsp;&nbsp;&nbsp;&rArr;&nbsp;&nbsp;&nbsp;<a href="#[b]">SysTick_Handler</a><BR>
 <LI><a href="#[21]">ADC_IRQHandler</a>&nbsp;&nbsp;&nbsp;&rArr;&nbsp;&nbsp;&nbsp;<a href="#[21]">ADC_IRQHandler</a><BR>
</UL>
<P>
<H3>
Function Pointers
</H3><UL>
 <LI><a href="#[21]">ADC_IRQHandler</a> from startup_lpc407x_8x_177x_8x.o(.text) referenced from startup_lpc407x_8x_177x_8x.o(RESET)
 <LI><a href="#[22]">BOD_IRQHandler</a> from startup_lpc407x_8x_177x_8x.o(.text) referenced from startup_lpc407x_8x_177x_8x.o(RESET)
 <LI><a href="#[6]">BusFault_Handler</a> from startup_lpc407x_8x_177x_8x.o(.text) referenced from startup_lpc407x_8x_177x_8x.o(RESET)
 <LI><a href="#[2d]">CANActivity_IRQHandler</a> from startup_lpc407x_8x_177x_8x.o(.text) referenced from startup_lpc407x_8x_177x_8x.o(RESET)
 <LI><a href="#[24]">CAN_IRQHandler</a> from startup_lpc407x_8x_177x_8x.o(.text) referenced from startup_lpc407x_8x_177x_8x.o(RESET)
 <LI><a href="#[25]">DMA_IRQHandler</a> from startup_lpc407x_8x_177x_8x.o(.text) referenced from startup_lpc407x_8x_177x_8x.o(RESET)
 <LI><a href="#[9]">DebugMon_Handler</a> from startup_lpc407x_8x_177x_8x.o(.text) referenced from startup_lpc407x_8x_177x_8x.o(RESET)
 <LI><a href="#[33]">EEPROM_IRQHandler</a> from startup_lpc407x_8x_177x_8x.o(.text) referenced from startup_lpc407x_8x_177x_8x.o(RESET)
 <LI><a href="#[1d]">EINT0_IRQHandler</a> from startup_lpc407x_8x_177x_8x.o(.text) referenced from startup_lpc407x_8x_177x_8x.o(RESET)
 <LI><a href="#[1e]">EINT1_IRQHandler</a> from startup_lpc407x_8x_177x_8x.o(.text) referenced from startup_lpc407x_8x_177x_8x.o(RESET)
 <LI><a href="#[1f]">EINT2_IRQHandler</a> from startup_lpc407x_8x_177x_8x.o(.text) referenced from startup_lpc407x_8x_177x_8x.o(RESET)
 <LI><a href="#[20]">EINT3_IRQHandler</a> from startup_lpc407x_8x_177x_8x.o(.text) referenced from startup_lpc407x_8x_177x_8x.o(RESET)
 <LI><a href="#[27]">ENET_IRQHandler</a> from startup_lpc407x_8x_177x_8x.o(.text) referenced from startup_lpc407x_8x_177x_8x.o(RESET)
 <LI><a href="#[31]">GPIO_IRQHandler</a> from startup_lpc407x_8x_177x_8x.o(.text) referenced from startup_lpc407x_8x_177x_8x.o(RESET)
 <LI><a href="#[4]">HardFault_Handler</a> from startup_lpc407x_8x_177x_8x.o(.text) referenced from startup_lpc407x_8x_177x_8x.o(RESET)
 <LI><a href="#[16]">I2C0_IRQHandler</a> from startup_lpc407x_8x_177x_8x.o(.text) referenced from startup_lpc407x_8x_177x_8x.o(RESET)
 <LI><a href="#[17]">I2C1_IRQHandler</a> from startup_lpc407x_8x_177x_8x.o(.text) referenced from startup_lpc407x_8x_177x_8x.o(RESET)
 <LI><a href="#[18]">I2C2_IRQHandler</a> from startup_lpc407x_8x_177x_8x.o(.text) referenced from startup_lpc407x_8x_177x_8x.o(RESET)
 <LI><a href="#[26]">I2S_IRQHandler</a> from startup_lpc407x_8x_177x_8x.o(.text) referenced from startup_lpc407x_8x_177x_8x.o(RESET)
 <LI><a href="#[30]">LCD_IRQHandler</a> from startup_lpc407x_8x_177x_8x.o(.text) referenced from startup_lpc407x_8x_177x_8x.o(RESET)
 <LI><a href="#[28]">MCI_IRQHandler</a> from startup_lpc407x_8x_177x_8x.o(.text) referenced from startup_lpc407x_8x_177x_8x.o(RESET)
 <LI><a href="#[29]">MCPWM_IRQHandler</a> from startup_lpc407x_8x_177x_8x.o(.text) referenced from startup_lpc407x_8x_177x_8x.o(RESET)
 <LI><a href="#[5]">MemManage_Handler</a> from startup_lpc407x_8x_177x_8x.o(.text) referenced from startup_lpc407x_8x_177x_8x.o(RESET)
 <LI><a href="#[3]">NMI_Handler</a> from startup_lpc407x_8x_177x_8x.o(.text) referenced from startup_lpc407x_8x_177x_8x.o(RESET)
 <LI><a href="#[1b]">PLL0_IRQHandler</a> from startup_lpc407x_8x_177x_8x.o(.text) referenced from startup_lpc407x_8x_177x_8x.o(RESET)
 <LI><a href="#[2b]">PLL1_IRQHandler</a> from startup_lpc407x_8x_177x_8x.o(.text) referenced from startup_lpc407x_8x_177x_8x.o(RESET)
 <LI><a href="#[32]">PWM0_IRQHandler</a> from startup_lpc407x_8x_177x_8x.o(.text) referenced from startup_lpc407x_8x_177x_8x.o(RESET)
 <LI><a href="#[15]">PWM1_IRQHandler</a> from startup_lpc407x_8x_177x_8x.o(.text) referenced from startup_lpc407x_8x_177x_8x.o(RESET)
 <LI><a href="#[a]">PendSV_Handler</a> from startup_lpc407x_8x_177x_8x.o(.text) referenced from startup_lpc407x_8x_177x_8x.o(RESET)
 <LI><a href="#[2a]">QEI_IRQHandler</a> from startup_lpc407x_8x_177x_8x.o(.text) referenced from startup_lpc407x_8x_177x_8x.o(RESET)
 <LI><a href="#[1c]">RTC_IRQHandler</a> from startup_lpc407x_8x_177x_8x.o(.text) referenced from startup_lpc407x_8x_177x_8x.o(RESET)
 <LI><a href="#[36]">Reset_Handler</a> from startup_lpc407x_8x_177x_8x.o(.text) referenced from startup_lpc407x_8x_177x_8x.o(RESET)
 <LI><a href="#[19]">SSP0_IRQHandler</a> from startup_lpc407x_8x_177x_8x.o(.text) referenced from startup_lpc407x_8x_177x_8x.o(RESET)
 <LI><a href="#[1a]">SSP1_IRQHandler</a> from startup_lpc407x_8x_177x_8x.o(.text) referenced from startup_lpc407x_8x_177x_8x.o(RESET)
 <LI><a href="#[2f]">SSP2_IRQHandler</a> from startup_lpc407x_8x_177x_8x.o(.text) referenced from startup_lpc407x_8x_177x_8x.o(RESET)
 <LI><a href="#[8]">SVC_Handler</a> from startup_lpc407x_8x_177x_8x.o(.text) referenced from startup_lpc407x_8x_177x_8x.o(RESET)
 <LI><a href="#[b]">SysTick_Handler</a> from startup_lpc407x_8x_177x_8x.o(.text) referenced from startup_lpc407x_8x_177x_8x.o(RESET)
 <LI><a href="#[34]">SystemInit</a> from system_lpc407x_8x_177x_8x.o(i.SystemInit) referenced from startup_lpc407x_8x_177x_8x.o(.text)
 <LI><a href="#[d]">TIMER0_IRQHandler</a> from main.o(i.TIMER0_IRQHandler) referenced from startup_lpc407x_8x_177x_8x.o(RESET)
 <LI><a href="#[e]">TIMER1_IRQHandler</a> from main.o(i.TIMER1_IRQHandler) referenced from startup_lpc407x_8x_177x_8x.o(RESET)
 <LI><a href="#[f]">TIMER2_IRQHandler</a> from startup_lpc407x_8x_177x_8x.o(.text) referenced from startup_lpc407x_8x_177x_8x.o(RESET)
 <LI><a href="#[10]">TIMER3_IRQHandler</a> from main.o(i.TIMER3_IRQHandler) referenced from startup_lpc407x_8x_177x_8x.o(RESET)
 <LI><a href="#[11]">UART0_IRQHandler</a> from startup_lpc407x_8x_177x_8x.o(.text) referenced from startup_lpc407x_8x_177x_8x.o(RESET)
 <LI><a href="#[12]">UART1_IRQHandler</a> from startup_lpc407x_8x_177x_8x.o(.text) referenced from startup_lpc407x_8x_177x_8x.o(RESET)
 <LI><a href="#[13]">UART2_IRQHandler</a> from startup_lpc407x_8x_177x_8x.o(.text) referenced from startup_lpc407x_8x_177x_8x.o(RESET)
 <LI><a href="#[14]">UART3_IRQHandler</a> from startup_lpc407x_8x_177x_8x.o(.text) referenced from startup_lpc407x_8x_177x_8x.o(RESET)
 <LI><a href="#[2e]">UART4_IRQHandler</a> from startup_lpc407x_8x_177x_8x.o(.text) referenced from startup_lpc407x_8x_177x_8x.o(RESET)
 <LI><a href="#[2c]">USBActivity_IRQHandler</a> from startup_lpc407x_8x_177x_8x.o(.text) referenced from startup_lpc407x_8x_177x_8x.o(RESET)
 <LI><a href="#[23]">USB_IRQHandler</a> from startup_lpc407x_8x_177x_8x.o(.text) referenced from startup_lpc407x_8x_177x_8x.o(RESET)
 <LI><a href="#[7]">UsageFault_Handler</a> from startup_lpc407x_8x_177x_8x.o(.text) referenced from startup_lpc407x_8x_177x_8x.o(RESET)
 <LI><a href="#[c]">WDT_IRQHandler</a> from startup_lpc407x_8x_177x_8x.o(.text) referenced from startup_lpc407x_8x_177x_8x.o(RESET)
 <LI><a href="#[37]">__main</a> from __main.o(!!!main) referenced from startup_lpc407x_8x_177x_8x.o(.text)
</UL>
<P>
<H3>
Global Symbols
</H3>
<P><STRONG><a name="[37]"></a>__main</STRONG> (Thumb, 8 bytes, Stack size 0 bytes, __main.o(!!!main))
<BR><BR>[Calls]<UL><LI><a href="#[39]">&gt;&gt;</a>&nbsp;&nbsp;&nbsp;__scatterload
<LI><a href="#[3a]">&gt;&gt;</a>&nbsp;&nbsp;&nbsp;__rt_entry
</UL>

<P><STRONG><a name="[39]"></a>__scatterload</STRONG> (Thumb, 0 bytes, Stack size unknown bytes, __scatter.o(!!!scatter))
<BR><BR>[Called By]<UL><LI><a href="#[37]">&gt;&gt;</a>&nbsp;&nbsp;&nbsp;__main
</UL>

<P><STRONG><a name="[3b]"></a>__scatterload_rt2</STRONG> (Thumb, 44 bytes, Stack size unknown bytes, __scatter.o(!!!scatter), UNUSED)
<BR><BR>[Calls]<UL><LI><a href="#[3a]">&gt;&gt;</a>&nbsp;&nbsp;&nbsp;__rt_entry
</UL>

<P><STRONG><a name="[67]"></a>__scatterload_rt2_thumb_only</STRONG> (Thumb, 0 bytes, Stack size unknown bytes, __scatter.o(!!!scatter), UNUSED)

<P><STRONG><a name="[68]"></a>__scatterload_null</STRONG> (Thumb, 0 bytes, Stack size unknown bytes, __scatter.o(!!!scatter), UNUSED)

<P><STRONG><a name="[3c]"></a>__scatterload_copy</STRONG> (Thumb, 26 bytes, Stack size unknown bytes, __scatter_copy.o(!!handler_copy), UNUSED)
<BR><BR>[Calls]<UL><LI><a href="#[3c]">&gt;&gt;</a>&nbsp;&nbsp;&nbsp;__scatterload_copy
</UL>
<BR>[Called By]<UL><LI><a href="#[3c]">&gt;&gt;</a>&nbsp;&nbsp;&nbsp;__scatterload_copy
</UL>

<P><STRONG><a name="[69]"></a>__scatterload_zeroinit</STRONG> (Thumb, 28 bytes, Stack size unknown bytes, __scatter_zi.o(!!handler_zi), UNUSED)

<P><STRONG><a name="[42]"></a>__rt_lib_init</STRONG> (Thumb, 0 bytes, Stack size unknown bytes, libinit.o(.ARM.Collect$$libinit$$00000000))
<BR><BR>[Called By]<UL><LI><a href="#[41]">&gt;&gt;</a>&nbsp;&nbsp;&nbsp;__rt_entry_li
</UL>

<P><STRONG><a name="[3d]"></a>__rt_lib_init_fp_1</STRONG> (Thumb, 0 bytes, Stack size unknown bytes, libinit2.o(.ARM.Collect$$libinit$$00000001))
<BR><BR>[Calls]<UL><LI><a href="#[3e]">&gt;&gt;</a>&nbsp;&nbsp;&nbsp;_fp_init
</UL>

<P><STRONG><a name="[6a]"></a>__rt_lib_init_alloca_1</STRONG> (Thumb, 0 bytes, Stack size unknown bytes, libinit2.o(.ARM.Collect$$libinit$$0000002E))

<P><STRONG><a name="[6b]"></a>__rt_lib_init_argv_1</STRONG> (Thumb, 0 bytes, Stack size unknown bytes, libinit2.o(.ARM.Collect$$libinit$$0000002C))

<P><STRONG><a name="[6c]"></a>__rt_lib_init_atexit_1</STRONG> (Thumb, 0 bytes, Stack size unknown bytes, libinit2.o(.ARM.Collect$$libinit$$0000001B))

<P><STRONG><a name="[6d]"></a>__rt_lib_init_clock_1</STRONG> (Thumb, 0 bytes, Stack size unknown bytes, libinit2.o(.ARM.Collect$$libinit$$00000021))

<P><STRONG><a name="[6e]"></a>__rt_lib_init_cpp_1</STRONG> (Thumb, 0 bytes, Stack size unknown bytes, libinit2.o(.ARM.Collect$$libinit$$00000032))

<P><STRONG><a name="[6f]"></a>__rt_lib_init_exceptions_1</STRONG> (Thumb, 0 bytes, Stack size unknown bytes, libinit2.o(.ARM.Collect$$libinit$$00000030))

<P><STRONG><a name="[70]"></a>__rt_lib_init_fp_trap_1</STRONG> (Thumb, 0 bytes, Stack size unknown bytes, libinit2.o(.ARM.Collect$$libinit$$0000001F))

<P><STRONG><a name="[71]"></a>__rt_lib_init_getenv_1</STRONG> (Thumb, 0 bytes, Stack size unknown bytes, libinit2.o(.ARM.Collect$$libinit$$00000023))

<P><STRONG><a name="[72]"></a>__rt_lib_init_heap_1</STRONG> (Thumb, 0 bytes, Stack size unknown bytes, libinit2.o(.ARM.Collect$$libinit$$0000000A))

<P><STRONG><a name="[73]"></a>__rt_lib_init_lc_collate_1</STRONG> (Thumb, 0 bytes, Stack size unknown bytes, libinit2.o(.ARM.Collect$$libinit$$00000011))

<P><STRONG><a name="[74]"></a>__rt_lib_init_lc_ctype_1</STRONG> (Thumb, 0 bytes, Stack size unknown bytes, libinit2.o(.ARM.Collect$$libinit$$00000013))

<P><STRONG><a name="[75]"></a>__rt_lib_init_lc_monetary_1</STRONG> (Thumb, 0 bytes, Stack size unknown bytes, libinit2.o(.ARM.Collect$$libinit$$00000015))

<P><STRONG><a name="[76]"></a>__rt_lib_init_lc_numeric_1</STRONG> (Thumb, 0 bytes, Stack size unknown bytes, libinit2.o(.ARM.Collect$$libinit$$00000017))

<P><STRONG><a name="[77]"></a>__rt_lib_init_lc_time_1</STRONG> (Thumb, 0 bytes, Stack size unknown bytes, libinit2.o(.ARM.Collect$$libinit$$00000019))

<P><STRONG><a name="[78]"></a>__rt_lib_init_preinit_1</STRONG> (Thumb, 0 bytes, Stack size unknown bytes, libinit2.o(.ARM.Collect$$libinit$$00000004))

<P><STRONG><a name="[79]"></a>__rt_lib_init_rand_1</STRONG> (Thumb, 0 bytes, Stack size unknown bytes, libinit2.o(.ARM.Collect$$libinit$$0000000E))

<P><STRONG><a name="[7a]"></a>__rt_lib_init_return</STRONG> (Thumb, 0 bytes, Stack size unknown bytes, libinit2.o(.ARM.Collect$$libinit$$00000033))

<P><STRONG><a name="[7b]"></a>__rt_lib_init_signal_1</STRONG> (Thumb, 0 bytes, Stack size unknown bytes, libinit2.o(.ARM.Collect$$libinit$$0000001D))

<P><STRONG><a name="[7c]"></a>__rt_lib_init_stdio_1</STRONG> (Thumb, 0 bytes, Stack size unknown bytes, libinit2.o(.ARM.Collect$$libinit$$00000025))

<P><STRONG><a name="[7d]"></a>__rt_lib_init_user_alloc_1</STRONG> (Thumb, 0 bytes, Stack size unknown bytes, libinit2.o(.ARM.Collect$$libinit$$0000000C))

<P><STRONG><a name="[47]"></a>__rt_lib_shutdown</STRONG> (Thumb, 0 bytes, Stack size unknown bytes, libshutdown.o(.ARM.Collect$$libshutdown$$00000000))
<BR><BR>[Called By]<UL><LI><a href="#[46]">&gt;&gt;</a>&nbsp;&nbsp;&nbsp;__rt_exit_ls
</UL>

<P><STRONG><a name="[7e]"></a>__rt_lib_shutdown_cpp_1</STRONG> (Thumb, 0 bytes, Stack size unknown bytes, libshutdown2.o(.ARM.Collect$$libshutdown$$00000004))

<P><STRONG><a name="[7f]"></a>__rt_lib_shutdown_fini_1</STRONG> (Thumb, 0 bytes, Stack size unknown bytes, libshutdown2.o(.ARM.Collect$$libshutdown$$00000002))

<P><STRONG><a name="[80]"></a>__rt_lib_shutdown_fp_trap_1</STRONG> (Thumb, 0 bytes, Stack size unknown bytes, libshutdown2.o(.ARM.Collect$$libshutdown$$00000009))

<P><STRONG><a name="[81]"></a>__rt_lib_shutdown_heap_1</STRONG> (Thumb, 0 bytes, Stack size unknown bytes, libshutdown2.o(.ARM.Collect$$libshutdown$$00000011))

<P><STRONG><a name="[82]"></a>__rt_lib_shutdown_return</STRONG> (Thumb, 0 bytes, Stack size unknown bytes, libshutdown2.o(.ARM.Collect$$libshutdown$$00000012))

<P><STRONG><a name="[83]"></a>__rt_lib_shutdown_signal_1</STRONG> (Thumb, 0 bytes, Stack size unknown bytes, libshutdown2.o(.ARM.Collect$$libshutdown$$0000000C))

<P><STRONG><a name="[84]"></a>__rt_lib_shutdown_stdio_1</STRONG> (Thumb, 0 bytes, Stack size unknown bytes, libshutdown2.o(.ARM.Collect$$libshutdown$$00000006))

<P><STRONG><a name="[85]"></a>__rt_lib_shutdown_user_alloc_1</STRONG> (Thumb, 0 bytes, Stack size unknown bytes, libshutdown2.o(.ARM.Collect$$libshutdown$$0000000E))

<P><STRONG><a name="[3a]"></a>__rt_entry</STRONG> (Thumb, 0 bytes, Stack size unknown bytes, __rtentry.o(.ARM.Collect$$rtentry$$00000000))
<BR><BR>[Called By]<UL><LI><a href="#[3b]">&gt;&gt;</a>&nbsp;&nbsp;&nbsp;__scatterload_rt2
<LI><a href="#[37]">&gt;&gt;</a>&nbsp;&nbsp;&nbsp;__main
</UL>

<P><STRONG><a name="[86]"></a>__rt_entry_presh_1</STRONG> (Thumb, 0 bytes, Stack size unknown bytes, __rtentry2.o(.ARM.Collect$$rtentry$$00000002))

<P><STRONG><a name="[3f]"></a>__rt_entry_sh</STRONG> (Thumb, 0 bytes, Stack size unknown bytes, __rtentry4.o(.ARM.Collect$$rtentry$$00000004))
<BR><BR>[Stack]<UL><LI>Max Depth = 8 + Unknown Stack Size
<LI>Call Chain = __rt_entry_sh &rArr; __user_setup_stackheap
</UL>
<BR>[Calls]<UL><LI><a href="#[40]">&gt;&gt;</a>&nbsp;&nbsp;&nbsp;__user_setup_stackheap
</UL>

<P><STRONG><a name="[41]"></a>__rt_entry_li</STRONG> (Thumb, 0 bytes, Stack size unknown bytes, __rtentry2.o(.ARM.Collect$$rtentry$$0000000A))
<BR><BR>[Calls]<UL><LI><a href="#[42]">&gt;&gt;</a>&nbsp;&nbsp;&nbsp;__rt_lib_init
</UL>

<P><STRONG><a name="[87]"></a>__rt_entry_postsh_1</STRONG> (Thumb, 0 bytes, Stack size unknown bytes, __rtentry2.o(.ARM.Collect$$rtentry$$00000009))

<P><STRONG><a name="[43]"></a>__rt_entry_main</STRONG> (Thumb, 0 bytes, Stack size unknown bytes, __rtentry2.o(.ARM.Collect$$rtentry$$0000000D))
<BR><BR>[Stack]<UL><LI>Max Depth = 80 + Unknown Stack Size
<LI>Call Chain = __rt_entry_main &rArr; main &rArr; update_autonomous &rArr; __aeabi_dmul
</UL>
<BR>[Calls]<UL><LI><a href="#[45]">&gt;&gt;</a>&nbsp;&nbsp;&nbsp;exit
<LI><a href="#[44]">&gt;&gt;</a>&nbsp;&nbsp;&nbsp;main
</UL>

<P><STRONG><a name="[88]"></a>__rt_entry_postli_1</STRONG> (Thumb, 0 bytes, Stack size unknown bytes, __rtentry2.o(.ARM.Collect$$rtentry$$0000000C))

<P><STRONG><a name="[4b]"></a>__rt_exit</STRONG> (Thumb, 0 bytes, Stack size unknown bytes, rtexit.o(.ARM.Collect$$rtexit$$00000000))
<BR><BR>[Called By]<UL><LI><a href="#[45]">&gt;&gt;</a>&nbsp;&nbsp;&nbsp;exit
</UL>

<P><STRONG><a name="[46]"></a>__rt_exit_ls</STRONG> (Thumb, 0 bytes, Stack size unknown bytes, rtexit2.o(.ARM.Collect$$rtexit$$00000003))
<BR><BR>[Calls]<UL><LI><a href="#[47]">&gt;&gt;</a>&nbsp;&nbsp;&nbsp;__rt_lib_shutdown
</UL>

<P><STRONG><a name="[89]"></a>__rt_exit_prels_1</STRONG> (Thumb, 0 bytes, Stack size unknown bytes, rtexit2.o(.ARM.Collect$$rtexit$$00000002))

<P><STRONG><a name="[48]"></a>__rt_exit_exit</STRONG> (Thumb, 0 bytes, Stack size unknown bytes, rtexit2.o(.ARM.Collect$$rtexit$$00000004))
<BR><BR>[Calls]<UL><LI><a href="#[49]">&gt;&gt;</a>&nbsp;&nbsp;&nbsp;_sys_exit
</UL>

<P><STRONG><a name="[36]"></a>Reset_Handler</STRONG> (Thumb, 8 bytes, Stack size 0 bytes, startup_lpc407x_8x_177x_8x.o(.text))

<P><STRONG><a name="[3]"></a>NMI_Handler</STRONG> (Thumb, 2 bytes, Stack size 0 bytes, startup_lpc407x_8x_177x_8x.o(.text))
<BR><BR>[Calls]<UL><LI><a href="#[3]">&gt;&gt;</a>&nbsp;&nbsp;&nbsp;NMI_Handler
</UL>
<BR>[Called By]<UL><LI><a href="#[3]">&gt;&gt;</a>&nbsp;&nbsp;&nbsp;NMI_Handler
</UL>
<BR>[Address Reference Count : 1]<UL><LI> startup_lpc407x_8x_177x_8x.o(RESET)
</UL>
<P><STRONG><a name="[4]"></a>HardFault_Handler</STRONG> (Thumb, 2 bytes, Stack size 0 bytes, startup_lpc407x_8x_177x_8x.o(.text))
<BR><BR>[Calls]<UL><LI><a href="#[4]">&gt;&gt;</a>&nbsp;&nbsp;&nbsp;HardFault_Handler
</UL>
<BR>[Called By]<UL><LI><a href="#[4]">&gt;&gt;</a>&nbsp;&nbsp;&nbsp;HardFault_Handler
</UL>
<BR>[Address Reference Count : 1]<UL><LI> startup_lpc407x_8x_177x_8x.o(RESET)
</UL>
<P><STRONG><a name="[5]"></a>MemManage_Handler</STRONG> (Thumb, 2 bytes, Stack size 0 bytes, startup_lpc407x_8x_177x_8x.o(.text))
<BR><BR>[Calls]<UL><LI><a href="#[5]">&gt;&gt;</a>&nbsp;&nbsp;&nbsp;MemManage_Handler
</UL>
<BR>[Called By]<UL><LI><a href="#[5]">&gt;&gt;</a>&nbsp;&nbsp;&nbsp;MemManage_Handler
</UL>
<BR>[Address Reference Count : 1]<UL><LI> startup_lpc407x_8x_177x_8x.o(RESET)
</UL>
<P><STRONG><a name="[6]"></a>BusFault_Handler</STRONG> (Thumb, 2 bytes, Stack size 0 bytes, startup_lpc407x_8x_177x_8x.o(.text))
<BR><BR>[Calls]<UL><LI><a href="#[6]">&gt;&gt;</a>&nbsp;&nbsp;&nbsp;BusFault_Handler
</UL>
<BR>[Called By]<UL><LI><a href="#[6]">&gt;&gt;</a>&nbsp;&nbsp;&nbsp;BusFault_Handler
</UL>
<BR>[Address Reference Count : 1]<UL><LI> startup_lpc407x_8x_177x_8x.o(RESET)
</UL>
<P><STRONG><a name="[7]"></a>UsageFault_Handler</STRONG> (Thumb, 2 bytes, Stack size 0 bytes, startup_lpc407x_8x_177x_8x.o(.text))
<BR><BR>[Calls]<UL><LI><a href="#[7]">&gt;&gt;</a>&nbsp;&nbsp;&nbsp;UsageFault_Handler
</UL>
<BR>[Called By]<UL><LI><a href="#[7]">&gt;&gt;</a>&nbsp;&nbsp;&nbsp;UsageFault_Handler
</UL>
<BR>[Address Reference Count : 1]<UL><LI> startup_lpc407x_8x_177x_8x.o(RESET)
</UL>
<P><STRONG><a name="[8]"></a>SVC_Handler</STRONG> (Thumb, 2 bytes, Stack size 0 bytes, startup_lpc407x_8x_177x_8x.o(.text))
<BR><BR>[Calls]<UL><LI><a href="#[8]">&gt;&gt;</a>&nbsp;&nbsp;&nbsp;SVC_Handler
</UL>
<BR>[Called By]<UL><LI><a href="#[8]">&gt;&gt;</a>&nbsp;&nbsp;&nbsp;SVC_Handler
</UL>
<BR>[Address Reference Count : 1]<UL><LI> startup_lpc407x_8x_177x_8x.o(RESET)
</UL>
<P><STRONG><a name="[9]"></a>DebugMon_Handler</STRONG> (Thumb, 2 bytes, Stack size 0 bytes, startup_lpc407x_8x_177x_8x.o(.text))
<BR><BR>[Calls]<UL><LI><a href="#[9]">&gt;&gt;</a>&nbsp;&nbsp;&nbsp;DebugMon_Handler
</UL>
<BR>[Called By]<UL><LI><a href="#[9]">&gt;&gt;</a>&nbsp;&nbsp;&nbsp;DebugMon_Handler
</UL>
<BR>[Address Reference Count : 1]<UL><LI> startup_lpc407x_8x_177x_8x.o(RESET)
</UL>
<P><STRONG><a name="[a]"></a>PendSV_Handler</STRONG> (Thumb, 2 bytes, Stack size 0 bytes, startup_lpc407x_8x_177x_8x.o(.text))
<BR><BR>[Calls]<UL><LI><a href="#[a]">&gt;&gt;</a>&nbsp;&nbsp;&nbsp;PendSV_Handler
</UL>
<BR>[Called By]<UL><LI><a href="#[a]">&gt;&gt;</a>&nbsp;&nbsp;&nbsp;PendSV_Handler
</UL>
<BR>[Address Reference Count : 1]<UL><LI> startup_lpc407x_8x_177x_8x.o(RESET)
</UL>
<P><STRONG><a name="[b]"></a>SysTick_Handler</STRONG> (Thumb, 2 bytes, Stack size 0 bytes, startup_lpc407x_8x_177x_8x.o(.text))
<BR><BR>[Calls]<UL><LI><a href="#[b]">&gt;&gt;</a>&nbsp;&nbsp;&nbsp;SysTick_Handler
</UL>
<BR>[Called By]<UL><LI><a href="#[b]">&gt;&gt;</a>&nbsp;&nbsp;&nbsp;SysTick_Handler
</UL>
<BR>[Address Reference Count : 1]<UL><LI> startup_lpc407x_8x_177x_8x.o(RESET)
</UL>
<P><STRONG><a name="[21]"></a>ADC_IRQHandler</STRONG> (Thumb, 0 bytes, Stack size 0 bytes, startup_lpc407x_8x_177x_8x.o(.text))
<BR><BR>[Calls]<UL><LI><a href="#[21]">&gt;&gt;</a>&nbsp;&nbsp;&nbsp;ADC_IRQHandler
</UL>
<BR>[Called By]<UL><LI><a href="#[21]">&gt;&gt;</a>&nbsp;&nbsp;&nbsp;ADC_IRQHandler
</UL>
<BR>[Address Reference Count : 1]<UL><LI> startup_lpc407x_8x_177x_8x.o(RESET)
</UL>
<P><STRONG><a name="[22]"></a>BOD_IRQHandler</STRONG> (Thumb, 0 bytes, Stack size 0 bytes, startup_lpc407x_8x_177x_8x.o(.text))
<BR>[Address Reference Count : 1]<UL><LI> startup_lpc407x_8x_177x_8x.o(RESET)
</UL>
<P><STRONG><a name="[2d]"></a>CANActivity_IRQHandler</STRONG> (Thumb, 0 bytes, Stack size 0 bytes, startup_lpc407x_8x_177x_8x.o(.text))
<BR>[Address Reference Count : 1]<UL><LI> startup_lpc407x_8x_177x_8x.o(RESET)
</UL>
<P><STRONG><a name="[24]"></a>CAN_IRQHandler</STRONG> (Thumb, 0 bytes, Stack size 0 bytes, startup_lpc407x_8x_177x_8x.o(.text))
<BR>[Address Reference Count : 1]<UL><LI> startup_lpc407x_8x_177x_8x.o(RESET)
</UL>
<P><STRONG><a name="[25]"></a>DMA_IRQHandler</STRONG> (Thumb, 0 bytes, Stack size 0 bytes, startup_lpc407x_8x_177x_8x.o(.text))
<BR>[Address Reference Count : 1]<UL><LI> startup_lpc407x_8x_177x_8x.o(RESET)
</UL>
<P><STRONG><a name="[33]"></a>EEPROM_IRQHandler</STRONG> (Thumb, 0 bytes, Stack size 0 bytes, startup_lpc407x_8x_177x_8x.o(.text))
<BR>[Address Reference Count : 1]<UL><LI> startup_lpc407x_8x_177x_8x.o(RESET)
</UL>
<P><STRONG><a name="[1d]"></a>EINT0_IRQHandler</STRONG> (Thumb, 0 bytes, Stack size 0 bytes, startup_lpc407x_8x_177x_8x.o(.text))
<BR>[Address Reference Count : 1]<UL><LI> startup_lpc407x_8x_177x_8x.o(RESET)
</UL>
<P><STRONG><a name="[1e]"></a>EINT1_IRQHandler</STRONG> (Thumb, 0 bytes, Stack size 0 bytes, startup_lpc407x_8x_177x_8x.o(.text))
<BR>[Address Reference Count : 1]<UL><LI> startup_lpc407x_8x_177x_8x.o(RESET)
</UL>
<P><STRONG><a name="[1f]"></a>EINT2_IRQHandler</STRONG> (Thumb, 0 bytes, Stack size 0 bytes, startup_lpc407x_8x_177x_8x.o(.text))
<BR>[Address Reference Count : 1]<UL><LI> startup_lpc407x_8x_177x_8x.o(RESET)
</UL>
<P><STRONG><a name="[20]"></a>EINT3_IRQHandler</STRONG> (Thumb, 0 bytes, Stack size 0 bytes, startup_lpc407x_8x_177x_8x.o(.text))
<BR>[Address Reference Count : 1]<UL><LI> startup_lpc407x_8x_177x_8x.o(RESET)
</UL>
<P><STRONG><a name="[27]"></a>ENET_IRQHandler</STRONG> (Thumb, 0 bytes, Stack size 0 bytes, startup_lpc407x_8x_177x_8x.o(.text))
<BR>[Address Reference Count : 1]<UL><LI> startup_lpc407x_8x_177x_8x.o(RESET)
</UL>
<P><STRONG><a name="[31]"></a>GPIO_IRQHandler</STRONG> (Thumb, 0 bytes, Stack size 0 bytes, startup_lpc407x_8x_177x_8x.o(.text))
<BR>[Address Reference Count : 1]<UL><LI> startup_lpc407x_8x_177x_8x.o(RESET)
</UL>
<P><STRONG><a name="[16]"></a>I2C0_IRQHandler</STRONG> (Thumb, 0 bytes, Stack size 0 bytes, startup_lpc407x_8x_177x_8x.o(.text))
<BR>[Address Reference Count : 1]<UL><LI> startup_lpc407x_8x_177x_8x.o(RESET)
</UL>
<P><STRONG><a name="[17]"></a>I2C1_IRQHandler</STRONG> (Thumb, 0 bytes, Stack size 0 bytes, startup_lpc407x_8x_177x_8x.o(.text))
<BR>[Address Reference Count : 1]<UL><LI> startup_lpc407x_8x_177x_8x.o(RESET)
</UL>
<P><STRONG><a name="[18]"></a>I2C2_IRQHandler</STRONG> (Thumb, 0 bytes, Stack size 0 bytes, startup_lpc407x_8x_177x_8x.o(.text))
<BR>[Address Reference Count : 1]<UL><LI> startup_lpc407x_8x_177x_8x.o(RESET)
</UL>
<P><STRONG><a name="[26]"></a>I2S_IRQHandler</STRONG> (Thumb, 0 bytes, Stack size 0 bytes, startup_lpc407x_8x_177x_8x.o(.text))
<BR>[Address Reference Count : 1]<UL><LI> startup_lpc407x_8x_177x_8x.o(RESET)
</UL>
<P><STRONG><a name="[30]"></a>LCD_IRQHandler</STRONG> (Thumb, 0 bytes, Stack size 0 bytes, startup_lpc407x_8x_177x_8x.o(.text))
<BR>[Address Reference Count : 1]<UL><LI> startup_lpc407x_8x_177x_8x.o(RESET)
</UL>
<P><STRONG><a name="[28]"></a>MCI_IRQHandler</STRONG> (Thumb, 0 bytes, Stack size 0 bytes, startup_lpc407x_8x_177x_8x.o(.text))
<BR>[Address Reference Count : 1]<UL><LI> startup_lpc407x_8x_177x_8x.o(RESET)
</UL>
<P><STRONG><a name="[29]"></a>MCPWM_IRQHandler</STRONG> (Thumb, 0 bytes, Stack size 0 bytes, startup_lpc407x_8x_177x_8x.o(.text))
<BR>[Address Reference Count : 1]<UL><LI> startup_lpc407x_8x_177x_8x.o(RESET)
</UL>
<P><STRONG><a name="[1b]"></a>PLL0_IRQHandler</STRONG> (Thumb, 0 bytes, Stack size 0 bytes, startup_lpc407x_8x_177x_8x.o(.text))
<BR>[Address Reference Count : 1]<UL><LI> startup_lpc407x_8x_177x_8x.o(RESET)
</UL>
<P><STRONG><a name="[2b]"></a>PLL1_IRQHandler</STRONG> (Thumb, 0 bytes, Stack size 0 bytes, startup_lpc407x_8x_177x_8x.o(.text))
<BR>[Address Reference Count : 1]<UL><LI> startup_lpc407x_8x_177x_8x.o(RESET)
</UL>
<P><STRONG><a name="[32]"></a>PWM0_IRQHandler</STRONG> (Thumb, 0 bytes, Stack size 0 bytes, startup_lpc407x_8x_177x_8x.o(.text))
<BR>[Address Reference Count : 1]<UL><LI> startup_lpc407x_8x_177x_8x.o(RESET)
</UL>
<P><STRONG><a name="[15]"></a>PWM1_IRQHandler</STRONG> (Thumb, 0 bytes, Stack size 0 bytes, startup_lpc407x_8x_177x_8x.o(.text))
<BR>[Address Reference Count : 1]<UL><LI> startup_lpc407x_8x_177x_8x.o(RESET)
</UL>
<P><STRONG><a name="[2a]"></a>QEI_IRQHandler</STRONG> (Thumb, 0 bytes, Stack size 0 bytes, startup_lpc407x_8x_177x_8x.o(.text))
<BR>[Address Reference Count : 1]<UL><LI> startup_lpc407x_8x_177x_8x.o(RESET)
</UL>
<P><STRONG><a name="[1c]"></a>RTC_IRQHandler</STRONG> (Thumb, 0 bytes, Stack size 0 bytes, startup_lpc407x_8x_177x_8x.o(.text))
<BR>[Address Reference Count : 1]<UL><LI> startup_lpc407x_8x_177x_8x.o(RESET)
</UL>
<P><STRONG><a name="[19]"></a>SSP0_IRQHandler</STRONG> (Thumb, 0 bytes, Stack size 0 bytes, startup_lpc407x_8x_177x_8x.o(.text))
<BR>[Address Reference Count : 1]<UL><LI> startup_lpc407x_8x_177x_8x.o(RESET)
</UL>
<P><STRONG><a name="[1a]"></a>SSP1_IRQHandler</STRONG> (Thumb, 0 bytes, Stack size 0 bytes, startup_lpc407x_8x_177x_8x.o(.text))
<BR>[Address Reference Count : 1]<UL><LI> startup_lpc407x_8x_177x_8x.o(RESET)
</UL>
<P><STRONG><a name="[2f]"></a>SSP2_IRQHandler</STRONG> (Thumb, 0 bytes, Stack size 0 bytes, startup_lpc407x_8x_177x_8x.o(.text))
<BR>[Address Reference Count : 1]<UL><LI> startup_lpc407x_8x_177x_8x.o(RESET)
</UL>
<P><STRONG><a name="[f]"></a>TIMER2_IRQHandler</STRONG> (Thumb, 0 bytes, Stack size 0 bytes, startup_lpc407x_8x_177x_8x.o(.text))
<BR>[Address Reference Count : 1]<UL><LI> startup_lpc407x_8x_177x_8x.o(RESET)
</UL>
<P><STRONG><a name="[11]"></a>UART0_IRQHandler</STRONG> (Thumb, 0 bytes, Stack size 0 bytes, startup_lpc407x_8x_177x_8x.o(.text))
<BR>[Address Reference Count : 1]<UL><LI> startup_lpc407x_8x_177x_8x.o(RESET)
</UL>
<P><STRONG><a name="[12]"></a>UART1_IRQHandler</STRONG> (Thumb, 0 bytes, Stack size 0 bytes, startup_lpc407x_8x_177x_8x.o(.text))
<BR>[Address Reference Count : 1]<UL><LI> startup_lpc407x_8x_177x_8x.o(RESET)
</UL>
<P><STRONG><a name="[13]"></a>UART2_IRQHandler</STRONG> (Thumb, 0 bytes, Stack size 0 bytes, startup_lpc407x_8x_177x_8x.o(.text))
<BR>[Address Reference Count : 1]<UL><LI> startup_lpc407x_8x_177x_8x.o(RESET)
</UL>
<P><STRONG><a name="[14]"></a>UART3_IRQHandler</STRONG> (Thumb, 0 bytes, Stack size 0 bytes, startup_lpc407x_8x_177x_8x.o(.text))
<BR>[Address Reference Count : 1]<UL><LI> startup_lpc407x_8x_177x_8x.o(RESET)
</UL>
<P><STRONG><a name="[2e]"></a>UART4_IRQHandler</STRONG> (Thumb, 0 bytes, Stack size 0 bytes, startup_lpc407x_8x_177x_8x.o(.text))
<BR>[Address Reference Count : 1]<UL><LI> startup_lpc407x_8x_177x_8x.o(RESET)
</UL>
<P><STRONG><a name="[2c]"></a>USBActivity_IRQHandler</STRONG> (Thumb, 0 bytes, Stack size 0 bytes, startup_lpc407x_8x_177x_8x.o(.text))
<BR>[Address Reference Count : 1]<UL><LI> startup_lpc407x_8x_177x_8x.o(RESET)
</UL>
<P><STRONG><a name="[23]"></a>USB_IRQHandler</STRONG> (Thumb, 0 bytes, Stack size 0 bytes, startup_lpc407x_8x_177x_8x.o(.text))
<BR>[Address Reference Count : 1]<UL><LI> startup_lpc407x_8x_177x_8x.o(RESET)
</UL>
<P><STRONG><a name="[c]"></a>WDT_IRQHandler</STRONG> (Thumb, 0 bytes, Stack size 0 bytes, startup_lpc407x_8x_177x_8x.o(.text))
<BR>[Address Reference Count : 1]<UL><LI> startup_lpc407x_8x_177x_8x.o(RESET)
</UL>
<P><STRONG><a name="[38]"></a>__user_initial_stackheap</STRONG> (Thumb, 0 bytes, Stack size unknown bytes, startup_lpc407x_8x_177x_8x.o(.text))
<BR><BR>[Called By]<UL><LI><a href="#[40]">&gt;&gt;</a>&nbsp;&nbsp;&nbsp;__user_setup_stackheap
</UL>

<P><STRONG><a name="[8a]"></a>__use_two_region_memory</STRONG> (Thumb, 2 bytes, Stack size 0 bytes, heapauxi.o(.text), UNUSED)

<P><STRONG><a name="[8b]"></a>__rt_heap_escrow$2region</STRONG> (Thumb, 2 bytes, Stack size 0 bytes, heapauxi.o(.text), UNUSED)

<P><STRONG><a name="[8c]"></a>__rt_heap_expand$2region</STRONG> (Thumb, 2 bytes, Stack size 0 bytes, heapauxi.o(.text), UNUSED)

<P><STRONG><a name="[40]"></a>__user_setup_stackheap</STRONG> (Thumb, 74 bytes, Stack size 8 bytes, sys_stackheap_outer.o(.text))
<BR><BR>[Stack]<UL><LI>Max Depth = 8 + Unknown Stack Size
<LI>Call Chain = __user_setup_stackheap
</UL>
<BR>[Calls]<UL><LI><a href="#[4a]">&gt;&gt;</a>&nbsp;&nbsp;&nbsp;__user_perproc_libspace
<LI><a href="#[38]">&gt;&gt;</a>&nbsp;&nbsp;&nbsp;__user_initial_stackheap
</UL>
<BR>[Called By]<UL><LI><a href="#[3f]">&gt;&gt;</a>&nbsp;&nbsp;&nbsp;__rt_entry_sh
</UL>

<P><STRONG><a name="[45]"></a>exit</STRONG> (Thumb, 18 bytes, Stack size 8 bytes, exit.o(.text))
<BR><BR>[Stack]<UL><LI>Max Depth = 8 + Unknown Stack Size
<LI>Call Chain = exit
</UL>
<BR>[Calls]<UL><LI><a href="#[4b]">&gt;&gt;</a>&nbsp;&nbsp;&nbsp;__rt_exit
</UL>
<BR>[Called By]<UL><LI><a href="#[43]">&gt;&gt;</a>&nbsp;&nbsp;&nbsp;__rt_entry_main
</UL>

<P><STRONG><a name="[8d]"></a>__user_libspace</STRONG> (Thumb, 8 bytes, Stack size 0 bytes, libspace.o(.text), UNUSED)

<P><STRONG><a name="[4a]"></a>__user_perproc_libspace</STRONG> (Thumb, 0 bytes, Stack size 0 bytes, libspace.o(.text))
<BR><BR>[Called By]<UL><LI><a href="#[40]">&gt;&gt;</a>&nbsp;&nbsp;&nbsp;__user_setup_stackheap
</UL>

<P><STRONG><a name="[8e]"></a>__user_perthread_libspace</STRONG> (Thumb, 0 bytes, Stack size 0 bytes, libspace.o(.text), UNUSED)

<P><STRONG><a name="[49]"></a>_sys_exit</STRONG> (Thumb, 8 bytes, Stack size 0 bytes, sys_exit.o(.text))
<BR><BR>[Called By]<UL><LI><a href="#[48]">&gt;&gt;</a>&nbsp;&nbsp;&nbsp;__rt_exit_exit
</UL>

<P><STRONG><a name="[8f]"></a>__I$use$semihosting</STRONG> (Thumb, 0 bytes, Stack size 0 bytes, use_no_semi.o(.text), UNUSED)

<P><STRONG><a name="[90]"></a>__use_no_semihosting_swi</STRONG> (Thumb, 2 bytes, Stack size 0 bytes, use_no_semi.o(.text), UNUSED)

<P><STRONG><a name="[91]"></a>__semihosting_library_function</STRONG> (Thumb, 0 bytes, Stack size unknown bytes, indicate_semi.o(.text), UNUSED)

<P><STRONG><a name="[5d]"></a>PWM_Init</STRONG> (Thumb, 142 bytes, Stack size 0 bytes, main.o(i.PWM_Init))
<BR><BR>[Called By]<UL><LI><a href="#[44]">&gt;&gt;</a>&nbsp;&nbsp;&nbsp;main
</UL>

<P><STRONG><a name="[66]"></a>__fpl_dretinf</STRONG> (Thumb, 12 bytes, Stack size 0 bytes, dretinf.o(x$fpl$dretinf), UNUSED)
<BR><BR>[Called By]<UL><LI><a href="#[65]">&gt;&gt;</a>&nbsp;&nbsp;&nbsp;_dmul
</UL>

<P><STRONG><a name="[5b]"></a>ADC_Init</STRONG> (Thumb, 176 bytes, Stack size 0 bytes, main.o(i.ADC_Init))
<BR><BR>[Called By]<UL><LI><a href="#[44]">&gt;&gt;</a>&nbsp;&nbsp;&nbsp;main
</UL>

<P><STRONG><a name="[5c]"></a>GPIO_Init</STRONG> (Thumb, 336 bytes, Stack size 0 bytes, main.o(i.GPIO_Init))
<BR><BR>[Called By]<UL><LI><a href="#[44]">&gt;&gt;</a>&nbsp;&nbsp;&nbsp;main
</UL>

<P><STRONG><a name="[4d]"></a>SystemCoreClockUpdate</STRONG> (Thumb, 696 bytes, Stack size 12 bytes, system_lpc407x_8x_177x_8x.o(i.SystemCoreClockUpdate))
<BR><BR>[Stack]<UL><LI>Max Depth = 12<LI>Call Chain = SystemCoreClockUpdate
</UL>
<BR>[Called By]<UL><LI><a href="#[34]">&gt;&gt;</a>&nbsp;&nbsp;&nbsp;SystemInit
</UL>

<P><STRONG><a name="[34]"></a>SystemInit</STRONG> (Thumb, 168 bytes, Stack size 8 bytes, system_lpc407x_8x_177x_8x.o(i.SystemInit))
<BR><BR>[Stack]<UL><LI>Max Depth = 32<LI>Call Chain = SystemInit &rArr; fpu_init
</UL>
<BR>[Calls]<UL><LI><a href="#[4d]">&gt;&gt;</a>&nbsp;&nbsp;&nbsp;SystemCoreClockUpdate
<LI><a href="#[4c]">&gt;&gt;</a>&nbsp;&nbsp;&nbsp;fpu_init
<LI><a href="#[4e]">&gt;&gt;</a>&nbsp;&nbsp;&nbsp;SystemInit_ExtMemCtl
</UL>
<BR>[Address Reference Count : 1]<UL><LI> startup_lpc407x_8x_177x_8x.o(.text)
</UL>
<P><STRONG><a name="[d]"></a>TIMER0_IRQHandler</STRONG> (Thumb, 24 bytes, Stack size 0 bytes, main.o(i.TIMER0_IRQHandler))
<BR>[Address Reference Count : 1]<UL><LI> startup_lpc407x_8x_177x_8x.o(RESET)
</UL>
<P><STRONG><a name="[e]"></a>TIMER1_IRQHandler</STRONG> (Thumb, 20 bytes, Stack size 0 bytes, main.o(i.TIMER1_IRQHandler))
<BR>[Address Reference Count : 1]<UL><LI> startup_lpc407x_8x_177x_8x.o(RESET)
</UL>
<P><STRONG><a name="[10]"></a>TIMER3_IRQHandler</STRONG> (Thumb, 20 bytes, Stack size 4 bytes, main.o(i.TIMER3_IRQHandler))
<BR><BR>[Stack]<UL><LI>Max Depth = 4<LI>Call Chain = TIMER3_IRQHandler
</UL>
<BR>[Calls]<UL><LI><a href="#[50]">&gt;&gt;</a>&nbsp;&nbsp;&nbsp;get_pulse_width
</UL>
<BR>[Address Reference Count : 1]<UL><LI> startup_lpc407x_8x_177x_8x.o(RESET)
</UL>
<P><STRONG><a name="[51]"></a>Timer_Init</STRONG> (Thumb, 266 bytes, Stack size 8 bytes, main.o(i.Timer_Init))
<BR><BR>[Stack]<UL><LI>Max Depth = 8<LI>Call Chain = Timer_Init
</UL>
<BR>[Calls]<UL><LI><a href="#[53]">&gt;&gt;</a>&nbsp;&nbsp;&nbsp;__NVIC_EnableIRQ
<LI><a href="#[52]">&gt;&gt;</a>&nbsp;&nbsp;&nbsp;__NVIC_ClearPendingIRQ
</UL>
<BR>[Called By]<UL><LI><a href="#[44]">&gt;&gt;</a>&nbsp;&nbsp;&nbsp;main
</UL>

<P><STRONG><a name="[54]"></a>change_orientation</STRONG> (Thumb, 92 bytes, Stack size 4 bytes, main.o(i.change_orientation))
<BR><BR>[Stack]<UL><LI>Max Depth = 4<LI>Call Chain = change_orientation
</UL>
<BR>[Calls]<UL><LI><a href="#[59]">&gt;&gt;</a>&nbsp;&nbsp;&nbsp;turn_right
<LI><a href="#[55]">&gt;&gt;</a>&nbsp;&nbsp;&nbsp;turn_left
<LI><a href="#[58]">&gt;&gt;</a>&nbsp;&nbsp;&nbsp;stop
<LI><a href="#[56]">&gt;&gt;</a>&nbsp;&nbsp;&nbsp;reverse
<LI><a href="#[57]">&gt;&gt;</a>&nbsp;&nbsp;&nbsp;go_forward
</UL>
<BR>[Called By]<UL><LI><a href="#[5e]">&gt;&gt;</a>&nbsp;&nbsp;&nbsp;update
</UL>

<P><STRONG><a name="[5a]"></a>change_orientation_auto</STRONG> (Thumb, 100 bytes, Stack size 4 bytes, main.o(i.change_orientation_auto))
<BR><BR>[Stack]<UL><LI>Max Depth = 4<LI>Call Chain = change_orientation_auto
</UL>
<BR>[Calls]<UL><LI><a href="#[58]">&gt;&gt;</a>&nbsp;&nbsp;&nbsp;stop
<LI><a href="#[57]">&gt;&gt;</a>&nbsp;&nbsp;&nbsp;go_forward
</UL>
<BR>[Called By]<UL><LI><a href="#[5f]">&gt;&gt;</a>&nbsp;&nbsp;&nbsp;update_autonomous
</UL>

<P><STRONG><a name="[50]"></a>get_pulse_width</STRONG> (Thumb, 54 bytes, Stack size 0 bytes, main.o(i.get_pulse_width))
<BR><BR>[Called By]<UL><LI><a href="#[10]">&gt;&gt;</a>&nbsp;&nbsp;&nbsp;TIMER3_IRQHandler
</UL>

<P><STRONG><a name="[57]"></a>go_forward</STRONG> (Thumb, 18 bytes, Stack size 0 bytes, main.o(i.go_forward))
<BR><BR>[Called By]<UL><LI><a href="#[5f]">&gt;&gt;</a>&nbsp;&nbsp;&nbsp;update_autonomous
<LI><a href="#[5a]">&gt;&gt;</a>&nbsp;&nbsp;&nbsp;change_orientation_auto
<LI><a href="#[54]">&gt;&gt;</a>&nbsp;&nbsp;&nbsp;change_orientation
</UL>

<P><STRONG><a name="[44]"></a>main</STRONG> (Thumb, 52 bytes, Stack size 0 bytes, main.o(i.main))
<BR><BR>[Stack]<UL><LI>Max Depth = 80<LI>Call Chain = main &rArr; update_autonomous &rArr; __aeabi_dmul
</UL>
<BR>[Calls]<UL><LI><a href="#[5f]">&gt;&gt;</a>&nbsp;&nbsp;&nbsp;update_autonomous
<LI><a href="#[5e]">&gt;&gt;</a>&nbsp;&nbsp;&nbsp;update
<LI><a href="#[51]">&gt;&gt;</a>&nbsp;&nbsp;&nbsp;Timer_Init
<LI><a href="#[5d]">&gt;&gt;</a>&nbsp;&nbsp;&nbsp;PWM_Init
<LI><a href="#[5c]">&gt;&gt;</a>&nbsp;&nbsp;&nbsp;GPIO_Init
<LI><a href="#[5b]">&gt;&gt;</a>&nbsp;&nbsp;&nbsp;ADC_Init
</UL>
<BR>[Called By]<UL><LI><a href="#[43]">&gt;&gt;</a>&nbsp;&nbsp;&nbsp;__rt_entry_main
</UL>

<P><STRONG><a name="[56]"></a>reverse</STRONG> (Thumb, 20 bytes, Stack size 0 bytes, main.o(i.reverse))
<BR><BR>[Called By]<UL><LI><a href="#[54]">&gt;&gt;</a>&nbsp;&nbsp;&nbsp;change_orientation
</UL>

<P><STRONG><a name="[58]"></a>stop</STRONG> (Thumb, 14 bytes, Stack size 0 bytes, main.o(i.stop))
<BR><BR>[Called By]<UL><LI><a href="#[5f]">&gt;&gt;</a>&nbsp;&nbsp;&nbsp;update_autonomous
<LI><a href="#[5e]">&gt;&gt;</a>&nbsp;&nbsp;&nbsp;update
<LI><a href="#[5a]">&gt;&gt;</a>&nbsp;&nbsp;&nbsp;change_orientation_auto
<LI><a href="#[54]">&gt;&gt;</a>&nbsp;&nbsp;&nbsp;change_orientation
</UL>

<P><STRONG><a name="[55]"></a>turn_left</STRONG> (Thumb, 20 bytes, Stack size 0 bytes, main.o(i.turn_left))
<BR><BR>[Called By]<UL><LI><a href="#[54]">&gt;&gt;</a>&nbsp;&nbsp;&nbsp;change_orientation
</UL>

<P><STRONG><a name="[59]"></a>turn_right</STRONG> (Thumb, 20 bytes, Stack size 0 bytes, main.o(i.turn_right))
<BR><BR>[Called By]<UL><LI><a href="#[54]">&gt;&gt;</a>&nbsp;&nbsp;&nbsp;change_orientation
</UL>

<P><STRONG><a name="[5e]"></a>update</STRONG> (Thumb, 114 bytes, Stack size 8 bytes, main.o(i.update))
<BR><BR>[Stack]<UL><LI>Max Depth = 12<LI>Call Chain = update &rArr; change_orientation
</UL>
<BR>[Calls]<UL><LI><a href="#[58]">&gt;&gt;</a>&nbsp;&nbsp;&nbsp;stop
<LI><a href="#[54]">&gt;&gt;</a>&nbsp;&nbsp;&nbsp;change_orientation
</UL>
<BR>[Called By]<UL><LI><a href="#[44]">&gt;&gt;</a>&nbsp;&nbsp;&nbsp;main
</UL>

<P><STRONG><a name="[5f]"></a>update_autonomous</STRONG> (Thumb, 384 bytes, Stack size 48 bytes, main.o(i.update_autonomous))
<BR><BR>[Stack]<UL><LI>Max Depth = 80<LI>Call Chain = update_autonomous &rArr; __aeabi_dmul
</UL>
<BR>[Calls]<UL><LI><a href="#[61]">&gt;&gt;</a>&nbsp;&nbsp;&nbsp;__aeabi_dmul
<LI><a href="#[60]">&gt;&gt;</a>&nbsp;&nbsp;&nbsp;__aeabi_i2d
<LI><a href="#[62]">&gt;&gt;</a>&nbsp;&nbsp;&nbsp;__aeabi_d2uiz
<LI><a href="#[58]">&gt;&gt;</a>&nbsp;&nbsp;&nbsp;stop
<LI><a href="#[57]">&gt;&gt;</a>&nbsp;&nbsp;&nbsp;go_forward
<LI><a href="#[5a]">&gt;&gt;</a>&nbsp;&nbsp;&nbsp;change_orientation_auto
</UL>
<BR>[Called By]<UL><LI><a href="#[44]">&gt;&gt;</a>&nbsp;&nbsp;&nbsp;main
</UL>

<P><STRONG><a name="[62]"></a>__aeabi_d2uiz</STRONG> (Thumb, 0 bytes, Stack size 32 bytes, dfixu.o(x$fpl$dfixu))
<BR><BR>[Stack]<UL><LI>Max Depth = 32<LI>Call Chain = __aeabi_d2uiz
</UL>
<BR>[Called By]<UL><LI><a href="#[5f]">&gt;&gt;</a>&nbsp;&nbsp;&nbsp;update_autonomous
</UL>

<P><STRONG><a name="[63]"></a>_dfixu</STRONG> (Thumb, 90 bytes, Stack size 32 bytes, dfixu.o(x$fpl$dfixu), UNUSED)
<BR><BR>[Calls]<UL><LI><a href="#[64]">&gt;&gt;</a>&nbsp;&nbsp;&nbsp;__fpl_dnaninf
</UL>

<P><STRONG><a name="[60]"></a>__aeabi_i2d</STRONG> (Thumb, 0 bytes, Stack size 0 bytes, dflt_clz.o(x$fpl$dflt))
<BR><BR>[Called By]<UL><LI><a href="#[5f]">&gt;&gt;</a>&nbsp;&nbsp;&nbsp;update_autonomous
</UL>

<P><STRONG><a name="[92]"></a>_dflt</STRONG> (Thumb, 46 bytes, Stack size 0 bytes, dflt_clz.o(x$fpl$dflt), UNUSED)

<P><STRONG><a name="[61]"></a>__aeabi_dmul</STRONG> (Thumb, 0 bytes, Stack size 32 bytes, dmul.o(x$fpl$dmul))
<BR><BR>[Stack]<UL><LI>Max Depth = 32<LI>Call Chain = __aeabi_dmul
</UL>
<BR>[Called By]<UL><LI><a href="#[5f]">&gt;&gt;</a>&nbsp;&nbsp;&nbsp;update_autonomous
</UL>

<P><STRONG><a name="[65]"></a>_dmul</STRONG> (Thumb, 332 bytes, Stack size 32 bytes, dmul.o(x$fpl$dmul), UNUSED)
<BR><BR>[Calls]<UL><LI><a href="#[66]">&gt;&gt;</a>&nbsp;&nbsp;&nbsp;__fpl_dretinf
<LI><a href="#[64]">&gt;&gt;</a>&nbsp;&nbsp;&nbsp;__fpl_dnaninf
</UL>

<P><STRONG><a name="[64]"></a>__fpl_dnaninf</STRONG> (Thumb, 156 bytes, Stack size 16 bytes, dnaninf.o(x$fpl$dnaninf), UNUSED)
<BR><BR>[Called By]<UL><LI><a href="#[65]">&gt;&gt;</a>&nbsp;&nbsp;&nbsp;_dmul
<LI><a href="#[63]">&gt;&gt;</a>&nbsp;&nbsp;&nbsp;_dfixu
</UL>

<P><STRONG><a name="[3e]"></a>_fp_init</STRONG> (Thumb, 10 bytes, Stack size 0 bytes, fpinit.o(x$fpl$fpinit))
<BR><BR>[Called By]<UL><LI><a href="#[3d]">&gt;&gt;</a>&nbsp;&nbsp;&nbsp;__rt_lib_init_fp_1
</UL>

<P><STRONG><a name="[93]"></a>__fplib_config_fpu_vfp</STRONG> (Thumb, 0 bytes, Stack size unknown bytes, fpinit.o(x$fpl$fpinit), UNUSED)

<P><STRONG><a name="[94]"></a>__fplib_config_pureend_doubles</STRONG> (Thumb, 0 bytes, Stack size unknown bytes, fpinit.o(x$fpl$fpinit), UNUSED)
<P>
<H3>
Local Symbols
</H3>
<P><STRONG><a name="[52]"></a>__NVIC_ClearPendingIRQ</STRONG> (Thumb, 22 bytes, Stack size 0 bytes, main.o(i.__NVIC_ClearPendingIRQ))
<BR><BR>[Called By]<UL><LI><a href="#[51]">&gt;&gt;</a>&nbsp;&nbsp;&nbsp;Timer_Init
</UL>

<P><STRONG><a name="[53]"></a>__NVIC_EnableIRQ</STRONG> (Thumb, 34 bytes, Stack size 0 bytes, main.o(i.__NVIC_EnableIRQ))
<BR><BR>[Called By]<UL><LI><a href="#[51]">&gt;&gt;</a>&nbsp;&nbsp;&nbsp;Timer_Init
</UL>

<P><STRONG><a name="[4e]"></a>SystemInit_ExtMemCtl</STRONG> (Thumb, 468 bytes, Stack size 8 bytes, system_lpc407x_8x_177x_8x.o(i.SystemInit_ExtMemCtl))
<BR><BR>[Stack]<UL><LI>Max Depth = 8<LI>Call Chain = SystemInit_ExtMemCtl
</UL>
<BR>[Calls]<UL><LI><a href="#[4f]">&gt;&gt;</a>&nbsp;&nbsp;&nbsp;_DelayMs
</UL>
<BR>[Called By]<UL><LI><a href="#[34]">&gt;&gt;</a>&nbsp;&nbsp;&nbsp;SystemInit
</UL>

<P><STRONG><a name="[4f]"></a>_DelayMs</STRONG> (Thumb, 38 bytes, Stack size 0 bytes, system_lpc407x_8x_177x_8x.o(i._DelayMs))
<BR><BR>[Called By]<UL><LI><a href="#[4e]">&gt;&gt;</a>&nbsp;&nbsp;&nbsp;SystemInit_ExtMemCtl
</UL>

<P><STRONG><a name="[4c]"></a>fpu_init</STRONG> (Thumb, 62 bytes, Stack size 24 bytes, system_lpc407x_8x_177x_8x.o(i.fpu_init))
<BR><BR>[Stack]<UL><LI>Max Depth = 24<LI>Call Chain = fpu_init
</UL>
<BR>[Called By]<UL><LI><a href="#[34]">&gt;&gt;</a>&nbsp;&nbsp;&nbsp;SystemInit
</UL>
<P>
<H3>
Undefined Global Symbols
</H3><HR></body></html>
