<html>
<body>
<pre>
<h1>µVision Build Log</h1>
<h2>Tool Versions:</h2>
IDE-Version: µVision V5.36.0.0
Copyright (C) 2021 ARM Ltd and ARM Germany GmbH. All rights reserved.
License Information: Ege Kaya, Bogazici University, LIC=----
 
Tool Versions:
Toolchain:       MDK-Lite  Version: 5.36.0.0
Toolchain Path:  D:\Keil_v5\ARM\ARMCC\Bin
C Compiler:      Armcc.exe V5.06 update 7 (build 960)
Assembler:       Armasm.exe V5.06 update 7 (build 960)
Linker/Locator:  ArmLink.exe V5.06 update 7 (build 960)
Library Manager: ArmAr.exe V5.06 update 7 (build 960)
Hex Converter:   FromElf.exe V5.06 update 7 (build 960)
CPU DLL:         SARMCM3.DLL V5.36.0.0
Dialog DLL:      DCM.DLL V1.17.3.0
Target DLL:      CMSIS_AGDI.dll V1.33.0.0
Dialog DLL:      TCM.DLL V1.53.0.0
 
<h2>Project:</h2>
C:\Users\asus.LAPTOP-SMDU8F43\Desktop\fall-2021\cmpe443\project\keil-4088-submission-race-settings-2\LAB_001.uvprojx
Project File Date:  01/27/2022

<h2>Output:</h2>
*** Using Compiler 'V5.06 update 7 (build 960)', folder: 'D:\Keil_v5\ARM\ARMCC\Bin'
Rebuild target 'LPC4088FET208'
assembling startup_LPC407x_8x_177x_8x.s...
compiling main.c...
compiling system_LPC407x_8x_177x_8x.c...
linking...
Program Size: Code=4864 RO-data=260 RW-data=56 ZI-data=1120  
FromELF: creating hex file...
".\Objects\LAB_001.axf" - 0 Error(s), 0 Warning(s).

<h2>Software Packages used:</h2>

Package Vendor: ARM
                http://www.keil.com/pack/ARM.CMSIS.5.8.0.pack
                ARM.CMSIS.5.8.0
                CMSIS (Common Microcontroller Software Interface Standard)
   * Component: CORE Version: 5.5.0

Package Vendor: Keil
                http://www.keil.com/pack/Keil.LPC4000_DFP.2.2.0.pack
                Keil.LPC4000_DFP.2.2.0
                NXP LPC4000 Series Device Support
   * Component: Startup Version: 1.0.1

<h2>Collection of Component include folders:</h2>
  .\RTE\Device\LPC4088FET208
  .\RTE\_LPC4088FET208
  C:\Users\asus.LAPTOP-SMDU8F43\AppData\Local\Arm\Packs\ARM\CMSIS\5.8.0\CMSIS\Core\Include
  C:\Users\asus.LAPTOP-SMDU8F43\AppData\Local\Arm\Packs\Keil\LPC4000_DFP\2.2.0\Device\Include

<h2>Collection of Component Files used:</h2>

   * Component: ARM::CMSIS:CORE:5.5.0

   * Component: Keil::Device:Startup:1.0.1
      Source file:   Device\Source\system_LPC407x_8x_177x_8x.c
      Include file:  Device\Include\LPC407x_8x_177x_8x.h
      Include file:  Device\Include\system_LPC407x_8x_177x_8x.h
      Source file:   Device\Source\ARM\startup_LPC407x_8x_177x_8x.s
      Include file:  RTE_Driver\Config\RTE_Device.h
Build Time Elapsed:  00:00:00
</pre>
</body>
</html>
