Component: ARM Compiler 5.06 update 7 (build 960) Tool: armlink [4d3601]

==============================================================================

Section Cross References

    main.o(i.ADC_Init) refers to main.o(.data) for duty_cycle
    main.o(i.ADC_Init) refers to system_lpc407x_8x_177x_8x.o(.data) for PeripheralClock
    main.o(i.PWM_Init) refers to main.o(.data) for MOTOR1_ONTIME
    main.o(i.PWM_Init) refers to system_lpc407x_8x_177x_8x.o(.data) for PeripheralClock
    main.o(i.TIMER0_IRQHandler) refers to main.o(.data) for interrupt_flag
    main.o(i.TIMER1_IRQHandler) refers to main.o(.data) for interrupt_flag
    main.o(i.TIMER3_IRQHandler) refers to main.o(i.get_pulse_width) for get_pulse_width
    main.o(i.Timer_Init) refers to main.o(i.__NVIC_ClearPendingIRQ) for __NVIC_ClearPendingIRQ
    main.o(i.Timer_Init) refers to main.o(i.__NVIC_EnableIRQ) for __NVIC_EnableIRQ
    main.o(i.Timer_Init) refers to system_lpc407x_8x_177x_8x.o(.data) for PeripheralClock
    main.o(i.change_orientation) refers to main.o(i.turn_left) for turn_left
    main.o(i.change_orientation) refers to main.o(i.reverse) for reverse
    main.o(i.change_orientation) refers to main.o(i.go_forward) for go_forward
    main.o(i.change_orientation) refers to main.o(i.stop) for stop
    main.o(i.change_orientation) refers to main.o(i.turn_right) for turn_right
    main.o(i.change_orientation) refers to main.o(.data) for scenario
    main.o(i.change_orientation_auto) refers to main.o(i.go_forward) for go_forward
    main.o(i.change_orientation_auto) refers to main.o(i.stop) for stop
    main.o(i.change_orientation_auto) refers to main.o(.data) for external_stop
    main.o(i.get_pulse_width) refers to main.o(.data) for ic_pin
    main.o(i.go_forward) refers to main.o(.data) for direction
    main.o(i.main) refers to main.o(i.ADC_Init) for ADC_Init
    main.o(i.main) refers to main.o(i.GPIO_Init) for GPIO_Init
    main.o(i.main) refers to main.o(i.Timer_Init) for Timer_Init
    main.o(i.main) refers to main.o(i.PWM_Init) for PWM_Init
    main.o(i.main) refers to main.o(i.update) for update
    main.o(i.main) refers to main.o(i.update_autonomous) for update_autonomous
    main.o(i.main) refers to main.o(.data) for scenario
    main.o(i.reverse) refers to main.o(.data) for direction
    main.o(i.stop) refers to main.o(.data) for direction
    main.o(i.turn_left) refers to main.o(.data) for direction
    main.o(i.turn_right) refers to main.o(.data) for direction
    main.o(i.update) refers to main.o(i.stop) for stop
    main.o(i.update) refers to main.o(i.change_orientation) for change_orientation
    main.o(i.update) refers to main.o(.data) for interrupt_flag
    main.o(i.update_autonomous) refers to main.o(i.stop) for stop
    main.o(i.update_autonomous) refers to main.o(i.go_forward) for go_forward
    main.o(i.update_autonomous) refers to dflt_clz.o(x$fpl$dflt) for __aeabi_i2d
    main.o(i.update_autonomous) refers to dmul.o(x$fpl$dmul) for __aeabi_dmul
    main.o(i.update_autonomous) refers to dfixu.o(x$fpl$dfixu) for __aeabi_d2uiz
    main.o(i.update_autonomous) refers to main.o(i.change_orientation_auto) for change_orientation_auto
    main.o(i.update_autonomous) refers to main.o(.data) for interrupt_flag
    startup_lpc407x_8x_177x_8x.o(STACK) refers (Special) to heapauxi.o(.text) for __use_two_region_memory
    startup_lpc407x_8x_177x_8x.o(HEAP) refers (Special) to heapauxi.o(.text) for __use_two_region_memory
    startup_lpc407x_8x_177x_8x.o(RESET) refers (Special) to heapauxi.o(.text) for __use_two_region_memory
    startup_lpc407x_8x_177x_8x.o(RESET) refers to startup_lpc407x_8x_177x_8x.o(STACK) for __initial_sp
    startup_lpc407x_8x_177x_8x.o(RESET) refers to startup_lpc407x_8x_177x_8x.o(.text) for Reset_Handler
    startup_lpc407x_8x_177x_8x.o(RESET) refers to main.o(i.TIMER0_IRQHandler) for TIMER0_IRQHandler
    startup_lpc407x_8x_177x_8x.o(RESET) refers to main.o(i.TIMER1_IRQHandler) for TIMER1_IRQHandler
    startup_lpc407x_8x_177x_8x.o(RESET) refers to main.o(i.TIMER3_IRQHandler) for TIMER3_IRQHandler
    startup_lpc407x_8x_177x_8x.o(.ARM.__at_0x02FC) refers (Special) to heapauxi.o(.text) for __use_two_region_memory
    startup_lpc407x_8x_177x_8x.o(.text) refers (Special) to heapauxi.o(.text) for __use_two_region_memory
    startup_lpc407x_8x_177x_8x.o(.text) refers to system_lpc407x_8x_177x_8x.o(i.SystemInit) for SystemInit
    startup_lpc407x_8x_177x_8x.o(.text) refers to __main.o(!!!main) for __main
    startup_lpc407x_8x_177x_8x.o(.text) refers to startup_lpc407x_8x_177x_8x.o(HEAP) for Heap_Mem
    startup_lpc407x_8x_177x_8x.o(.text) refers to startup_lpc407x_8x_177x_8x.o(STACK) for Stack_Mem
    system_lpc407x_8x_177x_8x.o(i.SystemCoreClockUpdate) refers to system_lpc407x_8x_177x_8x.o(.data) for SystemCoreClock
    system_lpc407x_8x_177x_8x.o(i.SystemInit) refers to system_lpc407x_8x_177x_8x.o(i.fpu_init) for fpu_init
    system_lpc407x_8x_177x_8x.o(i.SystemInit) refers to system_lpc407x_8x_177x_8x.o(i.SystemCoreClockUpdate) for SystemCoreClockUpdate
    system_lpc407x_8x_177x_8x.o(i.SystemInit) refers to system_lpc407x_8x_177x_8x.o(i.SystemInit_ExtMemCtl) for SystemInit_ExtMemCtl
    system_lpc407x_8x_177x_8x.o(i.SystemInit_ExtMemCtl) refers to system_lpc407x_8x_177x_8x.o(i._DelayMs) for _DelayMs
    system_lpc407x_8x_177x_8x.o(i._DelayMs) refers to system_lpc407x_8x_177x_8x.o(.data) for SystemCoreClock
    __main.o(!!!main) refers to __rtentry.o(.ARM.Collect$$rtentry$$00000000) for __rt_entry
    dfixu.o(x$fpl$dfixu) refers (Special) to usenofp.o(x$fpl$usenofp) for __I$use$fp
    dfixu.o(x$fpl$dfixu) refers to dnaninf.o(x$fpl$dnaninf) for __fpl_dnaninf
    dfixu.o(x$fpl$dfixur) refers (Special) to usenofp.o(x$fpl$usenofp) for __I$use$fp
    dfixu.o(x$fpl$dfixur) refers to dnaninf.o(x$fpl$dnaninf) for __fpl_dnaninf
    dflt_clz.o(x$fpl$dfltu) refers (Special) to usenofp.o(x$fpl$usenofp) for __I$use$fp
    dflt_clz.o(x$fpl$dflt) refers (Special) to usenofp.o(x$fpl$usenofp) for __I$use$fp
    dflt_clz.o(x$fpl$dfltn) refers (Special) to usenofp.o(x$fpl$usenofp) for __I$use$fp
    dmul.o(x$fpl$dmul) refers (Special) to usenofp.o(x$fpl$usenofp) for __I$use$fp
    dmul.o(x$fpl$dmul) refers to dretinf.o(x$fpl$dretinf) for __fpl_dretinf
    dmul.o(x$fpl$dmul) refers to dnaninf.o(x$fpl$dnaninf) for __fpl_dnaninf
    __rtentry.o(.ARM.Collect$$rtentry$$00000000) refers (Special) to __rtentry2.o(.ARM.Collect$$rtentry$$0000000A) for __rt_entry_li
    __rtentry.o(.ARM.Collect$$rtentry$$00000000) refers (Special) to __rtentry2.o(.ARM.Collect$$rtentry$$0000000D) for __rt_entry_main
    __rtentry.o(.ARM.Collect$$rtentry$$00000000) refers (Special) to __rtentry2.o(.ARM.Collect$$rtentry$$0000000C) for __rt_entry_postli_1
    __rtentry.o(.ARM.Collect$$rtentry$$00000000) refers (Special) to __rtentry2.o(.ARM.Collect$$rtentry$$00000009) for __rt_entry_postsh_1
    __rtentry.o(.ARM.Collect$$rtentry$$00000000) refers (Special) to __rtentry2.o(.ARM.Collect$$rtentry$$00000002) for __rt_entry_presh_1
    __rtentry.o(.ARM.Collect$$rtentry$$00000000) refers (Special) to __rtentry4.o(.ARM.Collect$$rtentry$$00000004) for __rt_entry_sh
    dnaninf.o(x$fpl$dnaninf) refers (Special) to usenofp.o(x$fpl$usenofp) for __I$use$fp
    dretinf.o(x$fpl$dretinf) refers (Special) to usenofp.o(x$fpl$usenofp) for __I$use$fp
    __rtentry2.o(.ARM.Collect$$rtentry$$00000008) refers to boardinit2.o(.text) for _platform_post_stackheap_init
    __rtentry2.o(.ARM.Collect$$rtentry$$0000000A) refers to libinit.o(.ARM.Collect$$libinit$$00000000) for __rt_lib_init
    __rtentry2.o(.ARM.Collect$$rtentry$$0000000B) refers to boardinit3.o(.text) for _platform_post_lib_init
    __rtentry2.o(.ARM.Collect$$rtentry$$0000000D) refers to main.o(i.main) for main
    __rtentry2.o(.ARM.Collect$$rtentry$$0000000D) refers to exit.o(.text) for exit
    __rtentry2.o(.ARM.exidx) refers to __rtentry2.o(.ARM.Collect$$rtentry$$00000001) for .ARM.Collect$$rtentry$$00000001
    __rtentry2.o(.ARM.exidx) refers to __rtentry2.o(.ARM.Collect$$rtentry$$00000008) for .ARM.Collect$$rtentry$$00000008
    __rtentry2.o(.ARM.exidx) refers to __rtentry2.o(.ARM.Collect$$rtentry$$0000000A) for .ARM.Collect$$rtentry$$0000000A
    __rtentry2.o(.ARM.exidx) refers to __rtentry2.o(.ARM.Collect$$rtentry$$0000000B) for .ARM.Collect$$rtentry$$0000000B
    __rtentry2.o(.ARM.exidx) refers to __rtentry2.o(.ARM.Collect$$rtentry$$0000000D) for .ARM.Collect$$rtentry$$0000000D
    __rtentry4.o(.ARM.Collect$$rtentry$$00000004) refers to sys_stackheap_outer.o(.text) for __user_setup_stackheap
    __rtentry4.o(.ARM.exidx) refers to __rtentry4.o(.ARM.Collect$$rtentry$$00000004) for .ARM.Collect$$rtentry$$00000004
    sys_stackheap_outer.o(.text) refers to libspace.o(.text) for __user_perproc_libspace
    sys_stackheap_outer.o(.text) refers to startup_lpc407x_8x_177x_8x.o(.text) for __user_initial_stackheap
    exit.o(.text) refers to rtexit.o(.ARM.Collect$$rtexit$$00000000) for __rt_exit
    libinit.o(.ARM.Collect$$libinit$$00000000) refers (Special) to libinit2.o(.ARM.Collect$$libinit$$0000002E) for __rt_lib_init_alloca_1
    libinit.o(.ARM.Collect$$libinit$$00000000) refers (Special) to libinit2.o(.ARM.Collect$$libinit$$0000002C) for __rt_lib_init_argv_1
    libinit.o(.ARM.Collect$$libinit$$00000000) refers (Special) to libinit2.o(.ARM.Collect$$libinit$$0000001B) for __rt_lib_init_atexit_1
    libinit.o(.ARM.Collect$$libinit$$00000000) refers (Special) to libinit2.o(.ARM.Collect$$libinit$$00000021) for __rt_lib_init_clock_1
    libinit.o(.ARM.Collect$$libinit$$00000000) refers (Special) to libinit2.o(.ARM.Collect$$libinit$$00000032) for __rt_lib_init_cpp_1
    libinit.o(.ARM.Collect$$libinit$$00000000) refers (Special) to libinit2.o(.ARM.Collect$$libinit$$00000030) for __rt_lib_init_exceptions_1
    libinit.o(.ARM.Collect$$libinit$$00000000) refers (Special) to libinit2.o(.ARM.Collect$$libinit$$00000001) for __rt_lib_init_fp_1
    libinit.o(.ARM.Collect$$libinit$$00000000) refers (Special) to libinit2.o(.ARM.Collect$$libinit$$0000001F) for __rt_lib_init_fp_trap_1
    libinit.o(.ARM.Collect$$libinit$$00000000) refers (Special) to libinit2.o(.ARM.Collect$$libinit$$00000023) for __rt_lib_init_getenv_1
    libinit.o(.ARM.Collect$$libinit$$00000000) refers (Special) to libinit2.o(.ARM.Collect$$libinit$$0000000A) for __rt_lib_init_heap_1
    libinit.o(.ARM.Collect$$libinit$$00000000) refers (Special) to libinit2.o(.ARM.Collect$$libinit$$00000011) for __rt_lib_init_lc_collate_1
    libinit.o(.ARM.Collect$$libinit$$00000000) refers (Special) to libinit2.o(.ARM.Collect$$libinit$$00000013) for __rt_lib_init_lc_ctype_1
    libinit.o(.ARM.Collect$$libinit$$00000000) refers (Special) to libinit2.o(.ARM.Collect$$libinit$$00000015) for __rt_lib_init_lc_monetary_1
    libinit.o(.ARM.Collect$$libinit$$00000000) refers (Special) to libinit2.o(.ARM.Collect$$libinit$$00000017) for __rt_lib_init_lc_numeric_1
    libinit.o(.ARM.Collect$$libinit$$00000000) refers (Special) to libinit2.o(.ARM.Collect$$libinit$$00000019) for __rt_lib_init_lc_time_1
    libinit.o(.ARM.Collect$$libinit$$00000000) refers (Special) to libinit2.o(.ARM.Collect$$libinit$$00000004) for __rt_lib_init_preinit_1
    libinit.o(.ARM.Collect$$libinit$$00000000) refers (Special) to libinit2.o(.ARM.Collect$$libinit$$0000000E) for __rt_lib_init_rand_1
    libinit.o(.ARM.Collect$$libinit$$00000000) refers (Special) to libinit2.o(.ARM.Collect$$libinit$$00000033) for __rt_lib_init_return
    libinit.o(.ARM.Collect$$libinit$$00000000) refers (Special) to libinit2.o(.ARM.Collect$$libinit$$0000001D) for __rt_lib_init_signal_1
    libinit.o(.ARM.Collect$$libinit$$00000000) refers (Special) to libinit2.o(.ARM.Collect$$libinit$$00000025) for __rt_lib_init_stdio_1
    libinit.o(.ARM.Collect$$libinit$$00000000) refers (Special) to libinit2.o(.ARM.Collect$$libinit$$0000000C) for __rt_lib_init_user_alloc_1
    libspace.o(.text) refers to libspace.o(.bss) for __libspace_start
    rtexit.o(.ARM.Collect$$rtexit$$00000000) refers (Special) to rtexit2.o(.ARM.Collect$$rtexit$$00000004) for __rt_exit_exit
    rtexit.o(.ARM.Collect$$rtexit$$00000000) refers (Special) to rtexit2.o(.ARM.Collect$$rtexit$$00000003) for __rt_exit_ls
    rtexit.o(.ARM.Collect$$rtexit$$00000000) refers (Special) to rtexit2.o(.ARM.Collect$$rtexit$$00000002) for __rt_exit_prels_1
    rtexit.o(.ARM.exidx) refers (Special) to rtexit2.o(.ARM.Collect$$rtexit$$00000004) for __rt_exit_exit
    rtexit.o(.ARM.exidx) refers (Special) to rtexit2.o(.ARM.Collect$$rtexit$$00000003) for __rt_exit_ls
    rtexit.o(.ARM.exidx) refers (Special) to rtexit2.o(.ARM.Collect$$rtexit$$00000002) for __rt_exit_prels_1
    rtexit.o(.ARM.exidx) refers to rtexit.o(.ARM.Collect$$rtexit$$00000000) for .ARM.Collect$$rtexit$$00000000
    libinit2.o(.ARM.Collect$$libinit$$00000001) refers to fpinit.o(x$fpl$fpinit) for _fp_init
    libinit2.o(.ARM.Collect$$libinit$$00000010) refers to libinit2.o(.ARM.Collect$$libinit$$0000000F) for .ARM.Collect$$libinit$$0000000F
    libinit2.o(.ARM.Collect$$libinit$$00000012) refers to libinit2.o(.ARM.Collect$$libinit$$0000000F) for .ARM.Collect$$libinit$$0000000F
    libinit2.o(.ARM.Collect$$libinit$$00000014) refers to libinit2.o(.ARM.Collect$$libinit$$0000000F) for .ARM.Collect$$libinit$$0000000F
    libinit2.o(.ARM.Collect$$libinit$$00000016) refers to libinit2.o(.ARM.Collect$$libinit$$0000000F) for .ARM.Collect$$libinit$$0000000F
    libinit2.o(.ARM.Collect$$libinit$$00000018) refers to libinit2.o(.ARM.Collect$$libinit$$0000000F) for .ARM.Collect$$libinit$$0000000F
    libinit2.o(.ARM.Collect$$libinit$$00000026) refers to argv_veneer.o(.emb_text) for __ARM_argv_veneer
    libinit2.o(.ARM.Collect$$libinit$$00000027) refers to argv_veneer.o(.emb_text) for __ARM_argv_veneer
    rtexit2.o(.ARM.Collect$$rtexit$$00000003) refers to libshutdown.o(.ARM.Collect$$libshutdown$$00000000) for __rt_lib_shutdown
    rtexit2.o(.ARM.Collect$$rtexit$$00000004) refers to sys_exit.o(.text) for _sys_exit
    rtexit2.o(.ARM.exidx) refers to rtexit2.o(.ARM.Collect$$rtexit$$00000001) for .ARM.Collect$$rtexit$$00000001
    rtexit2.o(.ARM.exidx) refers to rtexit2.o(.ARM.Collect$$rtexit$$00000003) for .ARM.Collect$$rtexit$$00000003
    rtexit2.o(.ARM.exidx) refers to rtexit2.o(.ARM.Collect$$rtexit$$00000004) for .ARM.Collect$$rtexit$$00000004
    argv_veneer.o(.emb_text) refers to no_argv.o(.text) for __ARM_get_argv
    sys_exit.o(.text) refers (Special) to use_no_semi.o(.text) for __I$use$semihosting
    sys_exit.o(.text) refers (Special) to indicate_semi.o(.text) for __semihosting_library_function
    _get_argv_nomalloc.o(.text) refers (Special) to hrguard.o(.text) for __heap_region$guard
    _get_argv_nomalloc.o(.text) refers to defsig_rtmem_outer.o(.text) for __rt_SIGRTMEM
    _get_argv_nomalloc.o(.text) refers to sys_command.o(.text) for _sys_command_string
    libshutdown.o(.ARM.Collect$$libshutdown$$00000000) refers (Special) to libshutdown2.o(.ARM.Collect$$libshutdown$$00000004) for __rt_lib_shutdown_cpp_1
    libshutdown.o(.ARM.Collect$$libshutdown$$00000000) refers (Special) to libshutdown2.o(.ARM.Collect$$libshutdown$$00000002) for __rt_lib_shutdown_fini_1
    libshutdown.o(.ARM.Collect$$libshutdown$$00000000) refers (Special) to libshutdown2.o(.ARM.Collect$$libshutdown$$00000009) for __rt_lib_shutdown_fp_trap_1
    libshutdown.o(.ARM.Collect$$libshutdown$$00000000) refers (Special) to libshutdown2.o(.ARM.Collect$$libshutdown$$00000011) for __rt_lib_shutdown_heap_1
    libshutdown.o(.ARM.Collect$$libshutdown$$00000000) refers (Special) to libshutdown2.o(.ARM.Collect$$libshutdown$$00000012) for __rt_lib_shutdown_return
    libshutdown.o(.ARM.Collect$$libshutdown$$00000000) refers (Special) to libshutdown2.o(.ARM.Collect$$libshutdown$$0000000C) for __rt_lib_shutdown_signal_1
    libshutdown.o(.ARM.Collect$$libshutdown$$00000000) refers (Special) to libshutdown2.o(.ARM.Collect$$libshutdown$$00000006) for __rt_lib_shutdown_stdio_1
    libshutdown.o(.ARM.Collect$$libshutdown$$00000000) refers (Special) to libshutdown2.o(.ARM.Collect$$libshutdown$$0000000E) for __rt_lib_shutdown_user_alloc_1
    sys_command.o(.text) refers (Special) to use_no_semi.o(.text) for __I$use$semihosting
    sys_command.o(.text) refers (Special) to indicate_semi.o(.text) for __semihosting_library_function
    defsig_rtmem_outer.o(.text) refers to defsig_rtmem_inner.o(.text) for __rt_SIGRTMEM_inner
    defsig_rtmem_outer.o(.text) refers to defsig_exit.o(.text) for __sig_exit
    defsig_rtmem_formal.o(.text) refers to rt_raise.o(.text) for __rt_raise
    rt_raise.o(.text) refers to __raise.o(.text) for __raise
    rt_raise.o(.text) refers to sys_exit.o(.text) for _sys_exit
    defsig_exit.o(.text) refers to sys_exit.o(.text) for _sys_exit
    defsig_rtmem_inner.o(.text) refers to defsig_general.o(.text) for __default_signal_display
    __raise.o(.text) refers to defsig.o(CL$$defsig) for __default_signal_handler
    defsig_general.o(.text) refers to sys_wrch.o(.text) for _ttywrch
    sys_wrch.o(.text) refers (Special) to use_no_semi.o(.text) for __I$use$semihosting
    sys_wrch.o(.text) refers (Special) to indicate_semi.o(.text) for __semihosting_library_function
    defsig.o(CL$$defsig) refers to defsig_rtmem_inner.o(.text) for __rt_SIGRTMEM_inner
    defsig_abrt_inner.o(.text) refers to defsig_general.o(.text) for __default_signal_display
    defsig_fpe_inner.o(.text) refers to defsig_general.o(.text) for __default_signal_display
    defsig_rtred_inner.o(.text) refers to defsig_general.o(.text) for __default_signal_display
    defsig_stak_inner.o(.text) refers to defsig_general.o(.text) for __default_signal_display
    defsig_pvfn_inner.o(.text) refers to defsig_general.o(.text) for __default_signal_display
    defsig_cppl_inner.o(.text) refers to defsig_general.o(.text) for __default_signal_display
    defsig_segv_inner.o(.text) refers to defsig_general.o(.text) for __default_signal_display
    defsig_other.o(.text) refers to defsig_general.o(.text) for __default_signal_display


==============================================================================

Removing Unused input sections from the image.

    Removing main.o(.rev16_text), (4 bytes).
    Removing main.o(.revsh_text), (4 bytes).
    Removing main.o(.rrx_text), (6 bytes).
    Removing main.o(.constdata), (4 bytes).
    Removing system_lpc407x_8x_177x_8x.o(.rev16_text), (4 bytes).
    Removing system_lpc407x_8x_177x_8x.o(.revsh_text), (4 bytes).
    Removing system_lpc407x_8x_177x_8x.o(.rrx_text), (6 bytes).

7 unused section(s) (total 32 bytes) removed from the image.

==============================================================================

Image Symbol Table

    Local Symbols

    Symbol Name                              Value     Ov Type        Size  Object(Section)

    RESET                                    0x00000000   Section      228  startup_lpc407x_8x_177x_8x.o(RESET)
    ../clib/angel/boardlib.s                 0x00000000   Number         0  boardshut.o ABSOLUTE
    ../clib/angel/boardlib.s                 0x00000000   Number         0  boardinit3.o ABSOLUTE
    ../clib/angel/boardlib.s                 0x00000000   Number         0  boardinit2.o ABSOLUTE
    ../clib/angel/boardlib.s                 0x00000000   Number         0  boardinit1.o ABSOLUTE
    ../clib/angel/handlers.s                 0x00000000   Number         0  __scatter_zi.o ABSOLUTE
    ../clib/angel/handlers.s                 0x00000000   Number         0  __scatter_copy.o ABSOLUTE
    ../clib/angel/kernel.s                   0x00000000   Number         0  __rtentry2.o ABSOLUTE
    ../clib/angel/kernel.s                   0x00000000   Number         0  __rtentry.o ABSOLUTE
    ../clib/angel/kernel.s                   0x00000000   Number         0  rtexit2.o ABSOLUTE
    ../clib/angel/kernel.s                   0x00000000   Number         0  rtexit.o ABSOLUTE
    ../clib/angel/kernel.s                   0x00000000   Number         0  __rtentry4.o ABSOLUTE
    ../clib/angel/rt.s                       0x00000000   Number         0  rt_raise.o ABSOLUTE
    ../clib/angel/scatter.s                  0x00000000   Number         0  __scatter.o ABSOLUTE
    ../clib/angel/startup.s                  0x00000000   Number         0  __main.o ABSOLUTE
    ../clib/angel/sys.s                      0x00000000   Number         0  use_no_semi.o ABSOLUTE
    ../clib/angel/sys.s                      0x00000000   Number         0  indicate_semi.o ABSOLUTE
    ../clib/angel/sys.s                      0x00000000   Number         0  libspace.o ABSOLUTE
    ../clib/angel/sys.s                      0x00000000   Number         0  sys_stackheap_outer.o ABSOLUTE
    ../clib/angel/sysapp.c                   0x00000000   Number         0  sys_command.o ABSOLUTE
    ../clib/angel/sysapp.c                   0x00000000   Number         0  sys_exit.o ABSOLUTE
    ../clib/angel/sysapp.c                   0x00000000   Number         0  sys_wrch.o ABSOLUTE
    ../clib/armsys.c                         0x00000000   Number         0  no_argv.o ABSOLUTE
    ../clib/armsys.c                         0x00000000   Number         0  _get_argv_nomalloc.o ABSOLUTE
    ../clib/armsys.c                         0x00000000   Number         0  argv_veneer.o ABSOLUTE
    ../clib/armsys.c                         0x00000000   Number         0  argv_veneer.o ABSOLUTE
    ../clib/heapalloc.c                      0x00000000   Number         0  hrguard.o ABSOLUTE
    ../clib/heapaux.c                        0x00000000   Number         0  heapauxi.o ABSOLUTE
    ../clib/libinit.s                        0x00000000   Number         0  libshutdown.o ABSOLUTE
    ../clib/libinit.s                        0x00000000   Number         0  libshutdown2.o ABSOLUTE
    ../clib/libinit.s                        0x00000000   Number         0  libinit2.o ABSOLUTE
    ../clib/libinit.s                        0x00000000   Number         0  libinit.o ABSOLUTE
    ../clib/signal.c                         0x00000000   Number         0  defsig_other.o ABSOLUTE
    ../clib/signal.c                         0x00000000   Number         0  defsig_segv_inner.o ABSOLUTE
    ../clib/signal.c                         0x00000000   Number         0  defsig_cppl_inner.o ABSOLUTE
    ../clib/signal.c                         0x00000000   Number         0  defsig_pvfn_inner.o ABSOLUTE
    ../clib/signal.c                         0x00000000   Number         0  defsig_stak_inner.o ABSOLUTE
    ../clib/signal.c                         0x00000000   Number         0  defsig_rtred_inner.o ABSOLUTE
    ../clib/signal.c                         0x00000000   Number         0  defsig_fpe_inner.o ABSOLUTE
    ../clib/signal.c                         0x00000000   Number         0  defsig_abrt_inner.o ABSOLUTE
    ../clib/signal.c                         0x00000000   Number         0  defsig_general.o ABSOLUTE
    ../clib/signal.c                         0x00000000   Number         0  __raise.o ABSOLUTE
    ../clib/signal.c                         0x00000000   Number         0  defsig_exit.o ABSOLUTE
    ../clib/signal.c                         0x00000000   Number         0  defsig_rtmem_formal.o ABSOLUTE
    ../clib/signal.c                         0x00000000   Number         0  defsig_rtmem_outer.o ABSOLUTE
    ../clib/signal.c                         0x00000000   Number         0  defsig_rtmem_inner.o ABSOLUTE
    ../clib/signal.s                         0x00000000   Number         0  defsig.o ABSOLUTE
    ../clib/stdlib.c                         0x00000000   Number         0  exit.o ABSOLUTE
    ../fplib/dfixu.s                         0x00000000   Number         0  dfixu.o ABSOLUTE
    ../fplib/dflt.s                          0x00000000   Number         0  dflt_clz.o ABSOLUTE
    ../fplib/dmul.s                          0x00000000   Number         0  dmul.o ABSOLUTE
    ../fplib/dnaninf.s                       0x00000000   Number         0  dnaninf.o ABSOLUTE
    ../fplib/dretinf.s                       0x00000000   Number         0  dretinf.o ABSOLUTE
    ../fplib/fpinit.s                        0x00000000   Number         0  fpinit.o ABSOLUTE
    ../fplib/usenofp.s                       0x00000000   Number         0  usenofp.o ABSOLUTE
    RTE\Device\LPC4088FET208\startup_LPC407x_8x_177x_8x.s 0x00000000   Number         0  startup_lpc407x_8x_177x_8x.o ABSOLUTE
    RTE\Device\LPC4088FET208\system_LPC407x_8x_177x_8x.c 0x00000000   Number         0  system_lpc407x_8x_177x_8x.o ABSOLUTE
    RTE\\Device\\LPC4088FET208\\system_LPC407x_8x_177x_8x.c 0x00000000   Number         0  system_lpc407x_8x_177x_8x.o ABSOLUTE
    dc.s                                     0x00000000   Number         0  dc.o ABSOLUTE
    main.c                                   0x00000000   Number         0  main.o ABSOLUTE
    main.c                                   0x00000000   Number         0  main.o ABSOLUTE
    !!!main                                  0x000000e4   Section        8  __main.o(!!!main)
    !!!scatter                               0x000000ec   Section       52  __scatter.o(!!!scatter)
    !!handler_copy                           0x00000120   Section       26  __scatter_copy.o(!!handler_copy)
    !!handler_zi                             0x0000013c   Section       28  __scatter_zi.o(!!handler_zi)
    .ARM.Collect$$libinit$$00000000          0x00000158   Section        2  libinit.o(.ARM.Collect$$libinit$$00000000)
    .ARM.Collect$$libinit$$00000001          0x0000015a   Section        4  libinit2.o(.ARM.Collect$$libinit$$00000001)
    .ARM.Collect$$libinit$$00000004          0x0000015e   Section        0  libinit2.o(.ARM.Collect$$libinit$$00000004)
    .ARM.Collect$$libinit$$0000000A          0x0000015e   Section        0  libinit2.o(.ARM.Collect$$libinit$$0000000A)
    .ARM.Collect$$libinit$$0000000C          0x0000015e   Section        0  libinit2.o(.ARM.Collect$$libinit$$0000000C)
    .ARM.Collect$$libinit$$0000000E          0x0000015e   Section        0  libinit2.o(.ARM.Collect$$libinit$$0000000E)
    .ARM.Collect$$libinit$$00000011          0x0000015e   Section        0  libinit2.o(.ARM.Collect$$libinit$$00000011)
    .ARM.Collect$$libinit$$00000013          0x0000015e   Section        0  libinit2.o(.ARM.Collect$$libinit$$00000013)
    .ARM.Collect$$libinit$$00000015          0x0000015e   Section        0  libinit2.o(.ARM.Collect$$libinit$$00000015)
    .ARM.Collect$$libinit$$00000017          0x0000015e   Section        0  libinit2.o(.ARM.Collect$$libinit$$00000017)
    .ARM.Collect$$libinit$$00000019          0x0000015e   Section        0  libinit2.o(.ARM.Collect$$libinit$$00000019)
    .ARM.Collect$$libinit$$0000001B          0x0000015e   Section        0  libinit2.o(.ARM.Collect$$libinit$$0000001B)
    .ARM.Collect$$libinit$$0000001D          0x0000015e   Section        0  libinit2.o(.ARM.Collect$$libinit$$0000001D)
    .ARM.Collect$$libinit$$0000001F          0x0000015e   Section        0  libinit2.o(.ARM.Collect$$libinit$$0000001F)
    .ARM.Collect$$libinit$$00000021          0x0000015e   Section        0  libinit2.o(.ARM.Collect$$libinit$$00000021)
    .ARM.Collect$$libinit$$00000023          0x0000015e   Section        0  libinit2.o(.ARM.Collect$$libinit$$00000023)
    .ARM.Collect$$libinit$$00000025          0x0000015e   Section        0  libinit2.o(.ARM.Collect$$libinit$$00000025)
    .ARM.Collect$$libinit$$0000002C          0x0000015e   Section        0  libinit2.o(.ARM.Collect$$libinit$$0000002C)
    .ARM.Collect$$libinit$$0000002E          0x0000015e   Section        0  libinit2.o(.ARM.Collect$$libinit$$0000002E)
    .ARM.Collect$$libinit$$00000030          0x0000015e   Section        0  libinit2.o(.ARM.Collect$$libinit$$00000030)
    .ARM.Collect$$libinit$$00000032          0x0000015e   Section        0  libinit2.o(.ARM.Collect$$libinit$$00000032)
    .ARM.Collect$$libinit$$00000033          0x0000015e   Section        2  libinit2.o(.ARM.Collect$$libinit$$00000033)
    .ARM.Collect$$libshutdown$$00000000      0x00000160   Section        2  libshutdown.o(.ARM.Collect$$libshutdown$$00000000)
    .ARM.Collect$$libshutdown$$00000002      0x00000162   Section        0  libshutdown2.o(.ARM.Collect$$libshutdown$$00000002)
    .ARM.Collect$$libshutdown$$00000004      0x00000162   Section        0  libshutdown2.o(.ARM.Collect$$libshutdown$$00000004)
    .ARM.Collect$$libshutdown$$00000006      0x00000162   Section        0  libshutdown2.o(.ARM.Collect$$libshutdown$$00000006)
    .ARM.Collect$$libshutdown$$00000009      0x00000162   Section        0  libshutdown2.o(.ARM.Collect$$libshutdown$$00000009)
    .ARM.Collect$$libshutdown$$0000000C      0x00000162   Section        0  libshutdown2.o(.ARM.Collect$$libshutdown$$0000000C)
    .ARM.Collect$$libshutdown$$0000000E      0x00000162   Section        0  libshutdown2.o(.ARM.Collect$$libshutdown$$0000000E)
    .ARM.Collect$$libshutdown$$00000011      0x00000162   Section        0  libshutdown2.o(.ARM.Collect$$libshutdown$$00000011)
    .ARM.Collect$$libshutdown$$00000012      0x00000162   Section        2  libshutdown2.o(.ARM.Collect$$libshutdown$$00000012)
    .ARM.Collect$$rtentry$$00000000          0x00000164   Section        0  __rtentry.o(.ARM.Collect$$rtentry$$00000000)
    .ARM.Collect$$rtentry$$00000002          0x00000164   Section        0  __rtentry2.o(.ARM.Collect$$rtentry$$00000002)
    .ARM.Collect$$rtentry$$00000004          0x00000164   Section        6  __rtentry4.o(.ARM.Collect$$rtentry$$00000004)
    .ARM.Collect$$rtentry$$00000009          0x0000016a   Section        0  __rtentry2.o(.ARM.Collect$$rtentry$$00000009)
    .ARM.Collect$$rtentry$$0000000A          0x0000016a   Section        4  __rtentry2.o(.ARM.Collect$$rtentry$$0000000A)
    .ARM.Collect$$rtentry$$0000000C          0x0000016e   Section        0  __rtentry2.o(.ARM.Collect$$rtentry$$0000000C)
    .ARM.Collect$$rtentry$$0000000D          0x0000016e   Section        8  __rtentry2.o(.ARM.Collect$$rtentry$$0000000D)
    .ARM.Collect$$rtexit$$00000000           0x00000176   Section        2  rtexit.o(.ARM.Collect$$rtexit$$00000000)
    .ARM.Collect$$rtexit$$00000002           0x00000178   Section        0  rtexit2.o(.ARM.Collect$$rtexit$$00000002)
    .ARM.Collect$$rtexit$$00000003           0x00000178   Section        4  rtexit2.o(.ARM.Collect$$rtexit$$00000003)
    .ARM.Collect$$rtexit$$00000004           0x0000017c   Section        6  rtexit2.o(.ARM.Collect$$rtexit$$00000004)
    .text                                    0x00000184   Section       60  startup_lpc407x_8x_177x_8x.o(.text)
    $v0                                      0x00000184   Number         0  startup_lpc407x_8x_177x_8x.o(.text)
    .text                                    0x000001c0   Section        0  heapauxi.o(.text)
    .text                                    0x000001c6   Section       74  sys_stackheap_outer.o(.text)
    .text                                    0x00000210   Section        0  exit.o(.text)
    .text                                    0x00000224   Section        8  libspace.o(.text)
    .text                                    0x0000022c   Section        0  sys_exit.o(.text)
    .text                                    0x00000238   Section        2  use_no_semi.o(.text)
    .text                                    0x0000023a   Section        0  indicate_semi.o(.text)
    i.PWM_Init                               0x0000023c   Section        0  main.o(i.PWM_Init)
    x$fpl$dretinf                            0x000002e8   Section       12  dretinf.o(x$fpl$dretinf)
    $v0                                      0x000002e8   Number         0  dretinf.o(x$fpl$dretinf)
    x$fpl$usenofp                            0x000002f4   Section        0  usenofp.o(x$fpl$usenofp)
    .ARM.__at_0x02FC                         0x000002fc   Section        4  startup_lpc407x_8x_177x_8x.o(.ARM.__at_0x02FC)
    i.ADC_Init                               0x00000300   Section        0  main.o(i.ADC_Init)
    i.GPIO_Init                              0x000003dc   Section        0  main.o(i.GPIO_Init)
    i.SystemCoreClockUpdate                  0x0000053c   Section        0  system_lpc407x_8x_177x_8x.o(i.SystemCoreClockUpdate)
    i.SystemInit                             0x00000810   Section        0  system_lpc407x_8x_177x_8x.o(i.SystemInit)
    i.SystemInit_ExtMemCtl                   0x000008c8   Section        0  system_lpc407x_8x_177x_8x.o(i.SystemInit_ExtMemCtl)
    SystemInit_ExtMemCtl                     0x000008c9   Thumb Code   468  system_lpc407x_8x_177x_8x.o(i.SystemInit_ExtMemCtl)
    i.TIMER0_IRQHandler                      0x00000ac0   Section        0  main.o(i.TIMER0_IRQHandler)
    i.TIMER1_IRQHandler                      0x00000adc   Section        0  main.o(i.TIMER1_IRQHandler)
    i.TIMER3_IRQHandler                      0x00000af8   Section        0  main.o(i.TIMER3_IRQHandler)
    i.Timer_Init                             0x00000b10   Section        0  main.o(i.Timer_Init)
    i._DelayMs                               0x00000c44   Section        0  system_lpc407x_8x_177x_8x.o(i._DelayMs)
    _DelayMs                                 0x00000c45   Thumb Code    38  system_lpc407x_8x_177x_8x.o(i._DelayMs)
    i.__NVIC_ClearPendingIRQ                 0x00000c70   Section        0  main.o(i.__NVIC_ClearPendingIRQ)
    __NVIC_ClearPendingIRQ                   0x00000c71   Thumb Code    22  main.o(i.__NVIC_ClearPendingIRQ)
    i.__NVIC_EnableIRQ                       0x00000c8c   Section        0  main.o(i.__NVIC_EnableIRQ)
    __NVIC_EnableIRQ                         0x00000c8d   Thumb Code    34  main.o(i.__NVIC_EnableIRQ)
    i.change_orientation                     0x00000cb0   Section        0  main.o(i.change_orientation)
    i.change_orientation_auto                0x00000d10   Section        0  main.o(i.change_orientation_auto)
    i.fpu_init                               0x00000d88   Section        0  system_lpc407x_8x_177x_8x.o(i.fpu_init)
    fpu_init                                 0x00000d89   Thumb Code    62  system_lpc407x_8x_177x_8x.o(i.fpu_init)
    i.get_pulse_width                        0x00000dd8   Section        0  main.o(i.get_pulse_width)
    i.go_forward                             0x00000e20   Section        0  main.o(i.go_forward)
    i.main                                   0x00000e44   Section        0  main.o(i.main)
    i.reverse                                0x00000e7c   Section        0  main.o(i.reverse)
    i.stop                                   0x00000ea0   Section        0  main.o(i.stop)
    i.turn_left                              0x00000eb8   Section        0  main.o(i.turn_left)
    i.turn_right                             0x00000ee0   Section        0  main.o(i.turn_right)
    i.update                                 0x00000f08   Section        0  main.o(i.update)
    i.update_autonomous                      0x00000f90   Section        0  main.o(i.update_autonomous)
    x$fpl$dfixu                              0x00001160   Section       90  dfixu.o(x$fpl$dfixu)
    $v0                                      0x00001160   Number         0  dfixu.o(x$fpl$dfixu)
    x$fpl$dflt                               0x000011ba   Section       46  dflt_clz.o(x$fpl$dflt)
    $v0                                      0x000011ba   Number         0  dflt_clz.o(x$fpl$dflt)
    x$fpl$dmul                               0x000011e8   Section      340  dmul.o(x$fpl$dmul)
    $v0                                      0x000011e8   Number         0  dmul.o(x$fpl$dmul)
    x$fpl$dnaninf                            0x0000133c   Section      156  dnaninf.o(x$fpl$dnaninf)
    $v0                                      0x0000133c   Number         0  dnaninf.o(x$fpl$dnaninf)
    x$fpl$fpinit                             0x000013d8   Section       10  fpinit.o(x$fpl$fpinit)
    $v0                                      0x000013d8   Number         0  fpinit.o(x$fpl$fpinit)
    .data                                    0x10000000   Section       40  main.o(.data)
    duty_cycle                               0x10000000   Data           4  main.o(.data)
    MOTOR1_ONTIME                            0x10000004   Data           4  main.o(.data)
    MOTOR2_ONTIME                            0x10000008   Data           4  main.o(.data)
    interrupt_flag                           0x1000000c   Data           4  main.o(.data)
    scenario                                 0x10000010   Data           4  main.o(.data)
    direction                                0x10000014   Data           4  main.o(.data)
    ic_pin                                   0x10000020   Data           4  main.o(.data)
    external_stop                            0x10000024   Data           4  main.o(.data)
    .data                                    0x10000028   Section       16  system_lpc407x_8x_177x_8x.o(.data)
    .bss                                     0x10000038   Section       96  libspace.o(.bss)
    HEAP                                     0x10000098   Section        0  startup_lpc407x_8x_177x_8x.o(HEAP)
    STACK                                    0x10000098   Section     1024  startup_lpc407x_8x_177x_8x.o(STACK)
    Heap_Mem                                 0x10000098   Data           0  startup_lpc407x_8x_177x_8x.o(HEAP)
    Stack_Mem                                0x10000098   Data        1024  startup_lpc407x_8x_177x_8x.o(STACK)
    __initial_sp                             0x10000498   Data           0  startup_lpc407x_8x_177x_8x.o(STACK)

    Global Symbols

    Symbol Name                              Value     Ov Type        Size  Object(Section)

    BuildAttributes$$THM_ISAv4$E$P$D$K$B$S$7EM$VFPi3$EXTD16$VFPS$VFMA$PE$A:L22UL41UL21$X:L11$S22US41US21$IEEE1$IW$USESV6$~STKCKD$USESV7$~SHL$OSPACE$ROPI$EBA8$UX$STANDARDLIB$REQ8$PRES8$EABIv2 0x00000000   Number         0  anon$$obj.o ABSOLUTE
    __ARM_use_no_argv                        0x00000000   Number         0  main.o ABSOLUTE
    __Vectors                                0x00000000   Data           4  startup_lpc407x_8x_177x_8x.o(RESET)
    __ARM_exceptions_init                     - Undefined Weak Reference
    __alloca_initialize                       - Undefined Weak Reference
    __arm_fini_                               - Undefined Weak Reference
    __arm_preinit_                            - Undefined Weak Reference
    __cpp_initialize__aeabi_                  - Undefined Weak Reference
    __cxa_finalize                            - Undefined Weak Reference
    __rt_locale                               - Undefined Weak Reference
    __sigvec_lookup                           - Undefined Weak Reference
    _atexit_init                              - Undefined Weak Reference
    _call_atexit_fns                          - Undefined Weak Reference
    _clock_init                               - Undefined Weak Reference
    _fp_trap_init                             - Undefined Weak Reference
    _fp_trap_shutdown                         - Undefined Weak Reference
    _get_lc_collate                           - Undefined Weak Reference
    _get_lc_ctype                             - Undefined Weak Reference
    _get_lc_monetary                          - Undefined Weak Reference
    _get_lc_numeric                           - Undefined Weak Reference
    _get_lc_time                              - Undefined Weak Reference
    _getenv_init                              - Undefined Weak Reference
    _handle_redirection                       - Undefined Weak Reference
    _init_alloc                               - Undefined Weak Reference
    _init_user_alloc                          - Undefined Weak Reference
    _initio                                   - Undefined Weak Reference
    _rand_init                                - Undefined Weak Reference
    _signal_finish                            - Undefined Weak Reference
    _signal_init                              - Undefined Weak Reference
    _terminate_alloc                          - Undefined Weak Reference
    _terminate_user_alloc                     - Undefined Weak Reference
    _terminateio                              - Undefined Weak Reference
    __main                                   0x000000e5   Thumb Code     8  __main.o(!!!main)
    __scatterload                            0x000000ed   Thumb Code     0  __scatter.o(!!!scatter)
    __scatterload_rt2                        0x000000ed   Thumb Code    44  __scatter.o(!!!scatter)
    __scatterload_rt2_thumb_only             0x000000ed   Thumb Code     0  __scatter.o(!!!scatter)
    __scatterload_null                       0x000000fb   Thumb Code     0  __scatter.o(!!!scatter)
    __scatterload_copy                       0x00000121   Thumb Code    26  __scatter_copy.o(!!handler_copy)
    __scatterload_zeroinit                   0x0000013d   Thumb Code    28  __scatter_zi.o(!!handler_zi)
    __rt_lib_init                            0x00000159   Thumb Code     0  libinit.o(.ARM.Collect$$libinit$$00000000)
    __rt_lib_init_fp_1                       0x0000015b   Thumb Code     0  libinit2.o(.ARM.Collect$$libinit$$00000001)
    __rt_lib_init_alloca_1                   0x0000015f   Thumb Code     0  libinit2.o(.ARM.Collect$$libinit$$0000002E)
    __rt_lib_init_argv_1                     0x0000015f   Thumb Code     0  libinit2.o(.ARM.Collect$$libinit$$0000002C)
    __rt_lib_init_atexit_1                   0x0000015f   Thumb Code     0  libinit2.o(.ARM.Collect$$libinit$$0000001B)
    __rt_lib_init_clock_1                    0x0000015f   Thumb Code     0  libinit2.o(.ARM.Collect$$libinit$$00000021)
    __rt_lib_init_cpp_1                      0x0000015f   Thumb Code     0  libinit2.o(.ARM.Collect$$libinit$$00000032)
    __rt_lib_init_exceptions_1               0x0000015f   Thumb Code     0  libinit2.o(.ARM.Collect$$libinit$$00000030)
    __rt_lib_init_fp_trap_1                  0x0000015f   Thumb Code     0  libinit2.o(.ARM.Collect$$libinit$$0000001F)
    __rt_lib_init_getenv_1                   0x0000015f   Thumb Code     0  libinit2.o(.ARM.Collect$$libinit$$00000023)
    __rt_lib_init_heap_1                     0x0000015f   Thumb Code     0  libinit2.o(.ARM.Collect$$libinit$$0000000A)
    __rt_lib_init_lc_collate_1               0x0000015f   Thumb Code     0  libinit2.o(.ARM.Collect$$libinit$$00000011)
    __rt_lib_init_lc_ctype_1                 0x0000015f   Thumb Code     0  libinit2.o(.ARM.Collect$$libinit$$00000013)
    __rt_lib_init_lc_monetary_1              0x0000015f   Thumb Code     0  libinit2.o(.ARM.Collect$$libinit$$00000015)
    __rt_lib_init_lc_numeric_1               0x0000015f   Thumb Code     0  libinit2.o(.ARM.Collect$$libinit$$00000017)
    __rt_lib_init_lc_time_1                  0x0000015f   Thumb Code     0  libinit2.o(.ARM.Collect$$libinit$$00000019)
    __rt_lib_init_preinit_1                  0x0000015f   Thumb Code     0  libinit2.o(.ARM.Collect$$libinit$$00000004)
    __rt_lib_init_rand_1                     0x0000015f   Thumb Code     0  libinit2.o(.ARM.Collect$$libinit$$0000000E)
    __rt_lib_init_return                     0x0000015f   Thumb Code     0  libinit2.o(.ARM.Collect$$libinit$$00000033)
    __rt_lib_init_signal_1                   0x0000015f   Thumb Code     0  libinit2.o(.ARM.Collect$$libinit$$0000001D)
    __rt_lib_init_stdio_1                    0x0000015f   Thumb Code     0  libinit2.o(.ARM.Collect$$libinit$$00000025)
    __rt_lib_init_user_alloc_1               0x0000015f   Thumb Code     0  libinit2.o(.ARM.Collect$$libinit$$0000000C)
    __rt_lib_shutdown                        0x00000161   Thumb Code     0  libshutdown.o(.ARM.Collect$$libshutdown$$00000000)
    __rt_lib_shutdown_cpp_1                  0x00000163   Thumb Code     0  libshutdown2.o(.ARM.Collect$$libshutdown$$00000004)
    __rt_lib_shutdown_fini_1                 0x00000163   Thumb Code     0  libshutdown2.o(.ARM.Collect$$libshutdown$$00000002)
    __rt_lib_shutdown_fp_trap_1              0x00000163   Thumb Code     0  libshutdown2.o(.ARM.Collect$$libshutdown$$00000009)
    __rt_lib_shutdown_heap_1                 0x00000163   Thumb Code     0  libshutdown2.o(.ARM.Collect$$libshutdown$$00000011)
    __rt_lib_shutdown_return                 0x00000163   Thumb Code     0  libshutdown2.o(.ARM.Collect$$libshutdown$$00000012)
    __rt_lib_shutdown_signal_1               0x00000163   Thumb Code     0  libshutdown2.o(.ARM.Collect$$libshutdown$$0000000C)
    __rt_lib_shutdown_stdio_1                0x00000163   Thumb Code     0  libshutdown2.o(.ARM.Collect$$libshutdown$$00000006)
    __rt_lib_shutdown_user_alloc_1           0x00000163   Thumb Code     0  libshutdown2.o(.ARM.Collect$$libshutdown$$0000000E)
    __rt_entry                               0x00000165   Thumb Code     0  __rtentry.o(.ARM.Collect$$rtentry$$00000000)
    __rt_entry_presh_1                       0x00000165   Thumb Code     0  __rtentry2.o(.ARM.Collect$$rtentry$$00000002)
    __rt_entry_sh                            0x00000165   Thumb Code     0  __rtentry4.o(.ARM.Collect$$rtentry$$00000004)
    __rt_entry_li                            0x0000016b   Thumb Code     0  __rtentry2.o(.ARM.Collect$$rtentry$$0000000A)
    __rt_entry_postsh_1                      0x0000016b   Thumb Code     0  __rtentry2.o(.ARM.Collect$$rtentry$$00000009)
    __rt_entry_main                          0x0000016f   Thumb Code     0  __rtentry2.o(.ARM.Collect$$rtentry$$0000000D)
    __rt_entry_postli_1                      0x0000016f   Thumb Code     0  __rtentry2.o(.ARM.Collect$$rtentry$$0000000C)
    __rt_exit                                0x00000177   Thumb Code     0  rtexit.o(.ARM.Collect$$rtexit$$00000000)
    __rt_exit_ls                             0x00000179   Thumb Code     0  rtexit2.o(.ARM.Collect$$rtexit$$00000003)
    __rt_exit_prels_1                        0x00000179   Thumb Code     0  rtexit2.o(.ARM.Collect$$rtexit$$00000002)
    __rt_exit_exit                           0x0000017d   Thumb Code     0  rtexit2.o(.ARM.Collect$$rtexit$$00000004)
    Reset_Handler                            0x00000185   Thumb Code     8  startup_lpc407x_8x_177x_8x.o(.text)
    NMI_Handler                              0x0000018d   Thumb Code     2  startup_lpc407x_8x_177x_8x.o(.text)
    HardFault_Handler                        0x0000018f   Thumb Code     2  startup_lpc407x_8x_177x_8x.o(.text)
    MemManage_Handler                        0x00000191   Thumb Code     2  startup_lpc407x_8x_177x_8x.o(.text)
    BusFault_Handler                         0x00000193   Thumb Code     2  startup_lpc407x_8x_177x_8x.o(.text)
    UsageFault_Handler                       0x00000195   Thumb Code     2  startup_lpc407x_8x_177x_8x.o(.text)
    SVC_Handler                              0x00000197   Thumb Code     2  startup_lpc407x_8x_177x_8x.o(.text)
    DebugMon_Handler                         0x00000199   Thumb Code     2  startup_lpc407x_8x_177x_8x.o(.text)
    PendSV_Handler                           0x0000019b   Thumb Code     2  startup_lpc407x_8x_177x_8x.o(.text)
    SysTick_Handler                          0x0000019d   Thumb Code     2  startup_lpc407x_8x_177x_8x.o(.text)
    ADC_IRQHandler                           0x0000019f   Thumb Code     0  startup_lpc407x_8x_177x_8x.o(.text)
    BOD_IRQHandler                           0x0000019f   Thumb Code     0  startup_lpc407x_8x_177x_8x.o(.text)
    CANActivity_IRQHandler                   0x0000019f   Thumb Code     0  startup_lpc407x_8x_177x_8x.o(.text)
    CAN_IRQHandler                           0x0000019f   Thumb Code     0  startup_lpc407x_8x_177x_8x.o(.text)
    DMA_IRQHandler                           0x0000019f   Thumb Code     0  startup_lpc407x_8x_177x_8x.o(.text)
    EEPROM_IRQHandler                        0x0000019f   Thumb Code     0  startup_lpc407x_8x_177x_8x.o(.text)
    EINT0_IRQHandler                         0x0000019f   Thumb Code     0  startup_lpc407x_8x_177x_8x.o(.text)
    EINT1_IRQHandler                         0x0000019f   Thumb Code     0  startup_lpc407x_8x_177x_8x.o(.text)
    EINT2_IRQHandler                         0x0000019f   Thumb Code     0  startup_lpc407x_8x_177x_8x.o(.text)
    EINT3_IRQHandler                         0x0000019f   Thumb Code     0  startup_lpc407x_8x_177x_8x.o(.text)
    ENET_IRQHandler                          0x0000019f   Thumb Code     0  startup_lpc407x_8x_177x_8x.o(.text)
    GPIO_IRQHandler                          0x0000019f   Thumb Code     0  startup_lpc407x_8x_177x_8x.o(.text)
    I2C0_IRQHandler                          0x0000019f   Thumb Code     0  startup_lpc407x_8x_177x_8x.o(.text)
    I2C1_IRQHandler                          0x0000019f   Thumb Code     0  startup_lpc407x_8x_177x_8x.o(.text)
    I2C2_IRQHandler                          0x0000019f   Thumb Code     0  startup_lpc407x_8x_177x_8x.o(.text)
    I2S_IRQHandler                           0x0000019f   Thumb Code     0  startup_lpc407x_8x_177x_8x.o(.text)
    LCD_IRQHandler                           0x0000019f   Thumb Code     0  startup_lpc407x_8x_177x_8x.o(.text)
    MCI_IRQHandler                           0x0000019f   Thumb Code     0  startup_lpc407x_8x_177x_8x.o(.text)
    MCPWM_IRQHandler                         0x0000019f   Thumb Code     0  startup_lpc407x_8x_177x_8x.o(.text)
    PLL0_IRQHandler                          0x0000019f   Thumb Code     0  startup_lpc407x_8x_177x_8x.o(.text)
    PLL1_IRQHandler                          0x0000019f   Thumb Code     0  startup_lpc407x_8x_177x_8x.o(.text)
    PWM0_IRQHandler                          0x0000019f   Thumb Code     0  startup_lpc407x_8x_177x_8x.o(.text)
    PWM1_IRQHandler                          0x0000019f   Thumb Code     0  startup_lpc407x_8x_177x_8x.o(.text)
    QEI_IRQHandler                           0x0000019f   Thumb Code     0  startup_lpc407x_8x_177x_8x.o(.text)
    RTC_IRQHandler                           0x0000019f   Thumb Code     0  startup_lpc407x_8x_177x_8x.o(.text)
    SSP0_IRQHandler                          0x0000019f   Thumb Code     0  startup_lpc407x_8x_177x_8x.o(.text)
    SSP1_IRQHandler                          0x0000019f   Thumb Code     0  startup_lpc407x_8x_177x_8x.o(.text)
    SSP2_IRQHandler                          0x0000019f   Thumb Code     0  startup_lpc407x_8x_177x_8x.o(.text)
    TIMER2_IRQHandler                        0x0000019f   Thumb Code     0  startup_lpc407x_8x_177x_8x.o(.text)
    UART0_IRQHandler                         0x0000019f   Thumb Code     0  startup_lpc407x_8x_177x_8x.o(.text)
    UART1_IRQHandler                         0x0000019f   Thumb Code     0  startup_lpc407x_8x_177x_8x.o(.text)
    UART2_IRQHandler                         0x0000019f   Thumb Code     0  startup_lpc407x_8x_177x_8x.o(.text)
    UART3_IRQHandler                         0x0000019f   Thumb Code     0  startup_lpc407x_8x_177x_8x.o(.text)
    UART4_IRQHandler                         0x0000019f   Thumb Code     0  startup_lpc407x_8x_177x_8x.o(.text)
    USBActivity_IRQHandler                   0x0000019f   Thumb Code     0  startup_lpc407x_8x_177x_8x.o(.text)
    USB_IRQHandler                           0x0000019f   Thumb Code     0  startup_lpc407x_8x_177x_8x.o(.text)
    WDT_IRQHandler                           0x0000019f   Thumb Code     0  startup_lpc407x_8x_177x_8x.o(.text)
    __user_initial_stackheap                 0x000001a1   Thumb Code     0  startup_lpc407x_8x_177x_8x.o(.text)
    __use_two_region_memory                  0x000001c1   Thumb Code     2  heapauxi.o(.text)
    __rt_heap_escrow$2region                 0x000001c3   Thumb Code     2  heapauxi.o(.text)
    __rt_heap_expand$2region                 0x000001c5   Thumb Code     2  heapauxi.o(.text)
    __user_setup_stackheap                   0x000001c7   Thumb Code    74  sys_stackheap_outer.o(.text)
    exit                                     0x00000211   Thumb Code    18  exit.o(.text)
    __user_libspace                          0x00000225   Thumb Code     8  libspace.o(.text)
    __user_perproc_libspace                  0x00000225   Thumb Code     0  libspace.o(.text)
    __user_perthread_libspace                0x00000225   Thumb Code     0  libspace.o(.text)
    _sys_exit                                0x0000022d   Thumb Code     8  sys_exit.o(.text)
    __I$use$semihosting                      0x00000239   Thumb Code     0  use_no_semi.o(.text)
    __use_no_semihosting_swi                 0x00000239   Thumb Code     2  use_no_semi.o(.text)
    __semihosting_library_function           0x0000023b   Thumb Code     0  indicate_semi.o(.text)
    PWM_Init                                 0x0000023d   Thumb Code   142  main.o(i.PWM_Init)
    __fpl_dretinf                            0x000002e9   Thumb Code    12  dretinf.o(x$fpl$dretinf)
    __I$use$fp                               0x000002f4   Number         0  usenofp.o(x$fpl$usenofp)
    ADC_Init                                 0x00000301   Thumb Code   176  main.o(i.ADC_Init)
    GPIO_Init                                0x000003dd   Thumb Code   336  main.o(i.GPIO_Init)
    SystemCoreClockUpdate                    0x0000053d   Thumb Code   696  system_lpc407x_8x_177x_8x.o(i.SystemCoreClockUpdate)
    SystemInit                               0x00000811   Thumb Code   168  system_lpc407x_8x_177x_8x.o(i.SystemInit)
    TIMER0_IRQHandler                        0x00000ac1   Thumb Code    24  main.o(i.TIMER0_IRQHandler)
    TIMER1_IRQHandler                        0x00000add   Thumb Code    20  main.o(i.TIMER1_IRQHandler)
    TIMER3_IRQHandler                        0x00000af9   Thumb Code    20  main.o(i.TIMER3_IRQHandler)
    Timer_Init                               0x00000b11   Thumb Code   266  main.o(i.Timer_Init)
    change_orientation                       0x00000cb1   Thumb Code    92  main.o(i.change_orientation)
    change_orientation_auto                  0x00000d11   Thumb Code   100  main.o(i.change_orientation_auto)
    get_pulse_width                          0x00000dd9   Thumb Code    54  main.o(i.get_pulse_width)
    go_forward                               0x00000e21   Thumb Code    18  main.o(i.go_forward)
    main                                     0x00000e45   Thumb Code    52  main.o(i.main)
    reverse                                  0x00000e7d   Thumb Code    20  main.o(i.reverse)
    stop                                     0x00000ea1   Thumb Code    14  main.o(i.stop)
    turn_left                                0x00000eb9   Thumb Code    20  main.o(i.turn_left)
    turn_right                               0x00000ee1   Thumb Code    20  main.o(i.turn_right)
    update                                   0x00000f09   Thumb Code   114  main.o(i.update)
    update_autonomous                        0x00000f91   Thumb Code   384  main.o(i.update_autonomous)
    __aeabi_d2uiz                            0x00001161   Thumb Code     0  dfixu.o(x$fpl$dfixu)
    _dfixu                                   0x00001161   Thumb Code    90  dfixu.o(x$fpl$dfixu)
    __aeabi_i2d                              0x000011bb   Thumb Code     0  dflt_clz.o(x$fpl$dflt)
    _dflt                                    0x000011bb   Thumb Code    46  dflt_clz.o(x$fpl$dflt)
    __aeabi_dmul                             0x000011e9   Thumb Code     0  dmul.o(x$fpl$dmul)
    _dmul                                    0x000011e9   Thumb Code   332  dmul.o(x$fpl$dmul)
    __fpl_dnaninf                            0x0000133d   Thumb Code   156  dnaninf.o(x$fpl$dnaninf)
    _fp_init                                 0x000013d9   Thumb Code    10  fpinit.o(x$fpl$fpinit)
    __fplib_config_fpu_vfp                   0x000013e1   Thumb Code     0  fpinit.o(x$fpl$fpinit)
    __fplib_config_pureend_doubles           0x000013e1   Thumb Code     0  fpinit.o(x$fpl$fpinit)
    Region$$Table$$Base                      0x000013e4   Number         0  anon$$obj.o(Region$$Table)
    Region$$Table$$Limit                     0x00001404   Number         0  anon$$obj.o(Region$$Table)
    rising_edge                              0x10000018   Data           4  main.o(.data)
    pulse_width                              0x1000001c   Data           4  main.o(.data)
    SystemCoreClock                          0x10000028   Data           4  system_lpc407x_8x_177x_8x.o(.data)
    PeripheralClock                          0x1000002c   Data           4  system_lpc407x_8x_177x_8x.o(.data)
    EMCClock                                 0x10000030   Data           4  system_lpc407x_8x_177x_8x.o(.data)
    USBClock                                 0x10000034   Data           4  system_lpc407x_8x_177x_8x.o(.data)
    __libspace_start                         0x10000038   Data          96  libspace.o(.bss)
    __temporary_stack_top$libspace           0x10000098   Data           0  libspace.o(.bss)



==============================================================================

Memory Map of the image

  Image Entry point : 0x00000185

  Load Region LR_1 (Base: 0x00000000, Size: 0x0000143c, Max: 0xffffffff, ABSOLUTE)

    Execution Region ER_RO (Exec base: 0x00000000, Load base: 0x00000000, Size: 0x00001404, Max: 0xffffffff, ABSOLUTE)

    Exec Addr    Load Addr    Size         Type   Attr      Idx    E Section Name        Object

    0x00000000   0x00000000   0x000000e4   Data   RO          172    RESET               startup_lpc407x_8x_177x_8x.o
    0x000000e4   0x000000e4   0x00000008   Code   RO          239  * !!!main             c_w.l(__main.o)
    0x000000ec   0x000000ec   0x00000034   Code   RO          415    !!!scatter          c_w.l(__scatter.o)
    0x00000120   0x00000120   0x0000001a   Code   RO          417    !!handler_copy      c_w.l(__scatter_copy.o)
    0x0000013a   0x0000013a   0x00000002   PAD
    0x0000013c   0x0000013c   0x0000001c   Code   RO          419    !!handler_zi        c_w.l(__scatter_zi.o)
    0x00000158   0x00000158   0x00000002   Code   RO          283    .ARM.Collect$$libinit$$00000000  c_w.l(libinit.o)
    0x0000015a   0x0000015a   0x00000004   Code   RO          289    .ARM.Collect$$libinit$$00000001  c_w.l(libinit2.o)
    0x0000015e   0x0000015e   0x00000000   Code   RO          292    .ARM.Collect$$libinit$$00000004  c_w.l(libinit2.o)
    0x0000015e   0x0000015e   0x00000000   Code   RO          295    .ARM.Collect$$libinit$$0000000A  c_w.l(libinit2.o)
    0x0000015e   0x0000015e   0x00000000   Code   RO          297    .ARM.Collect$$libinit$$0000000C  c_w.l(libinit2.o)
    0x0000015e   0x0000015e   0x00000000   Code   RO          299    .ARM.Collect$$libinit$$0000000E  c_w.l(libinit2.o)
    0x0000015e   0x0000015e   0x00000000   Code   RO          302    .ARM.Collect$$libinit$$00000011  c_w.l(libinit2.o)
    0x0000015e   0x0000015e   0x00000000   Code   RO          304    .ARM.Collect$$libinit$$00000013  c_w.l(libinit2.o)
    0x0000015e   0x0000015e   0x00000000   Code   RO          306    .ARM.Collect$$libinit$$00000015  c_w.l(libinit2.o)
    0x0000015e   0x0000015e   0x00000000   Code   RO          308    .ARM.Collect$$libinit$$00000017  c_w.l(libinit2.o)
    0x0000015e   0x0000015e   0x00000000   Code   RO          310    .ARM.Collect$$libinit$$00000019  c_w.l(libinit2.o)
    0x0000015e   0x0000015e   0x00000000   Code   RO          312    .ARM.Collect$$libinit$$0000001B  c_w.l(libinit2.o)
    0x0000015e   0x0000015e   0x00000000   Code   RO          314    .ARM.Collect$$libinit$$0000001D  c_w.l(libinit2.o)
    0x0000015e   0x0000015e   0x00000000   Code   RO          316    .ARM.Collect$$libinit$$0000001F  c_w.l(libinit2.o)
    0x0000015e   0x0000015e   0x00000000   Code   RO          318    .ARM.Collect$$libinit$$00000021  c_w.l(libinit2.o)
    0x0000015e   0x0000015e   0x00000000   Code   RO          320    .ARM.Collect$$libinit$$00000023  c_w.l(libinit2.o)
    0x0000015e   0x0000015e   0x00000000   Code   RO          322    .ARM.Collect$$libinit$$00000025  c_w.l(libinit2.o)
    0x0000015e   0x0000015e   0x00000000   Code   RO          326    .ARM.Collect$$libinit$$0000002C  c_w.l(libinit2.o)
    0x0000015e   0x0000015e   0x00000000   Code   RO          328    .ARM.Collect$$libinit$$0000002E  c_w.l(libinit2.o)
    0x0000015e   0x0000015e   0x00000000   Code   RO          330    .ARM.Collect$$libinit$$00000030  c_w.l(libinit2.o)
    0x0000015e   0x0000015e   0x00000000   Code   RO          332    .ARM.Collect$$libinit$$00000032  c_w.l(libinit2.o)
    0x0000015e   0x0000015e   0x00000002   Code   RO          333    .ARM.Collect$$libinit$$00000033  c_w.l(libinit2.o)
    0x00000160   0x00000160   0x00000002   Code   RO          353    .ARM.Collect$$libshutdown$$00000000  c_w.l(libshutdown.o)
    0x00000162   0x00000162   0x00000000   Code   RO          366    .ARM.Collect$$libshutdown$$00000002  c_w.l(libshutdown2.o)
    0x00000162   0x00000162   0x00000000   Code   RO          368    .ARM.Collect$$libshutdown$$00000004  c_w.l(libshutdown2.o)
    0x00000162   0x00000162   0x00000000   Code   RO          370    .ARM.Collect$$libshutdown$$00000006  c_w.l(libshutdown2.o)
    0x00000162   0x00000162   0x00000000   Code   RO          373    .ARM.Collect$$libshutdown$$00000009  c_w.l(libshutdown2.o)
    0x00000162   0x00000162   0x00000000   Code   RO          376    .ARM.Collect$$libshutdown$$0000000C  c_w.l(libshutdown2.o)
    0x00000162   0x00000162   0x00000000   Code   RO          378    .ARM.Collect$$libshutdown$$0000000E  c_w.l(libshutdown2.o)
    0x00000162   0x00000162   0x00000000   Code   RO          381    .ARM.Collect$$libshutdown$$00000011  c_w.l(libshutdown2.o)
    0x00000162   0x00000162   0x00000002   Code   RO          382    .ARM.Collect$$libshutdown$$00000012  c_w.l(libshutdown2.o)
    0x00000164   0x00000164   0x00000000   Code   RO          253    .ARM.Collect$$rtentry$$00000000  c_w.l(__rtentry.o)
    0x00000164   0x00000164   0x00000000   Code   RO          260    .ARM.Collect$$rtentry$$00000002  c_w.l(__rtentry2.o)
    0x00000164   0x00000164   0x00000006   Code   RO          272    .ARM.Collect$$rtentry$$00000004  c_w.l(__rtentry4.o)
    0x0000016a   0x0000016a   0x00000000   Code   RO          262    .ARM.Collect$$rtentry$$00000009  c_w.l(__rtentry2.o)
    0x0000016a   0x0000016a   0x00000004   Code   RO          263    .ARM.Collect$$rtentry$$0000000A  c_w.l(__rtentry2.o)
    0x0000016e   0x0000016e   0x00000000   Code   RO          265    .ARM.Collect$$rtentry$$0000000C  c_w.l(__rtentry2.o)
    0x0000016e   0x0000016e   0x00000008   Code   RO          266    .ARM.Collect$$rtentry$$0000000D  c_w.l(__rtentry2.o)
    0x00000176   0x00000176   0x00000002   Code   RO          287    .ARM.Collect$$rtexit$$00000000  c_w.l(rtexit.o)
    0x00000178   0x00000178   0x00000000   Code   RO          335    .ARM.Collect$$rtexit$$00000002  c_w.l(rtexit2.o)
    0x00000178   0x00000178   0x00000004   Code   RO          336    .ARM.Collect$$rtexit$$00000003  c_w.l(rtexit2.o)
    0x0000017c   0x0000017c   0x00000006   Code   RO          337    .ARM.Collect$$rtexit$$00000004  c_w.l(rtexit2.o)
    0x00000182   0x00000182   0x00000002   PAD
    0x00000184   0x00000184   0x0000003c   Code   RO          174  * .text               startup_lpc407x_8x_177x_8x.o
    0x000001c0   0x000001c0   0x00000006   Code   RO          237    .text               c_w.l(heapauxi.o)
    0x000001c6   0x000001c6   0x0000004a   Code   RO          274    .text               c_w.l(sys_stackheap_outer.o)
    0x00000210   0x00000210   0x00000012   Code   RO          276    .text               c_w.l(exit.o)
    0x00000222   0x00000222   0x00000002   PAD
    0x00000224   0x00000224   0x00000008   Code   RO          284    .text               c_w.l(libspace.o)
    0x0000022c   0x0000022c   0x0000000c   Code   RO          345    .text               c_w.l(sys_exit.o)
    0x00000238   0x00000238   0x00000002   Code   RO          356    .text               c_w.l(use_no_semi.o)
    0x0000023a   0x0000023a   0x00000000   Code   RO          358    .text               c_w.l(indicate_semi.o)
    0x0000023a   0x0000023a   0x00000002   PAD
    0x0000023c   0x0000023c   0x000000ac   Code   RO            6    i.PWM_Init          main.o
    0x000002e8   0x000002e8   0x0000000c   Code   RO          256    x$fpl$dretinf       fz_wm.l(dretinf.o)
    0x000002f4   0x000002f4   0x00000000   Code   RO          258    x$fpl$usenofp       fz_wm.l(usenofp.o)
    0x000002f4   0x000002f4   0x00000008   PAD
    0x000002fc   0x000002fc   0x00000004   Code   RO          173    .ARM.__at_0x02FC    startup_lpc407x_8x_177x_8x.o
    0x00000300   0x00000300   0x000000dc   Code   RO            4    i.ADC_Init          main.o
    0x000003dc   0x000003dc   0x00000160   Code   RO            5    i.GPIO_Init         main.o
    0x0000053c   0x0000053c   0x000002d4   Code   RO          183    i.SystemCoreClockUpdate  system_lpc407x_8x_177x_8x.o
    0x00000810   0x00000810   0x000000b8   Code   RO          184    i.SystemInit        system_lpc407x_8x_177x_8x.o
    0x000008c8   0x000008c8   0x000001f8   Code   RO          185    i.SystemInit_ExtMemCtl  system_lpc407x_8x_177x_8x.o
    0x00000ac0   0x00000ac0   0x0000001c   Code   RO            7    i.TIMER0_IRQHandler  main.o
    0x00000adc   0x00000adc   0x0000001c   Code   RO            8    i.TIMER1_IRQHandler  main.o
    0x00000af8   0x00000af8   0x00000018   Code   RO            9    i.TIMER3_IRQHandler  main.o
    0x00000b10   0x00000b10   0x00000134   Code   RO           10    i.Timer_Init        main.o
    0x00000c44   0x00000c44   0x0000002c   Code   RO          186    i._DelayMs          system_lpc407x_8x_177x_8x.o
    0x00000c70   0x00000c70   0x0000001c   Code   RO           11    i.__NVIC_ClearPendingIRQ  main.o
    0x00000c8c   0x00000c8c   0x00000022   Code   RO           12    i.__NVIC_EnableIRQ  main.o
    0x00000cae   0x00000cae   0x00000002   PAD
    0x00000cb0   0x00000cb0   0x00000060   Code   RO           13    i.change_orientation  main.o
    0x00000d10   0x00000d10   0x00000078   Code   RO           14    i.change_orientation_auto  main.o
    0x00000d88   0x00000d88   0x00000050   Code   RO          187    i.fpu_init          system_lpc407x_8x_177x_8x.o
    0x00000dd8   0x00000dd8   0x00000048   Code   RO           15    i.get_pulse_width   main.o
    0x00000e20   0x00000e20   0x00000024   Code   RO           16    i.go_forward        main.o
    0x00000e44   0x00000e44   0x00000038   Code   RO           17    i.main              main.o
    0x00000e7c   0x00000e7c   0x00000024   Code   RO           18    i.reverse           main.o
    0x00000ea0   0x00000ea0   0x00000018   Code   RO           19    i.stop              main.o
    0x00000eb8   0x00000eb8   0x00000028   Code   RO           20    i.turn_left         main.o
    0x00000ee0   0x00000ee0   0x00000028   Code   RO           21    i.turn_right        main.o
    0x00000f08   0x00000f08   0x00000088   Code   RO           22    i.update            main.o
    0x00000f90   0x00000f90   0x000001d0   Code   RO           23    i.update_autonomous  main.o
    0x00001160   0x00001160   0x0000005a   Code   RO          241    x$fpl$dfixu         fz_wm.l(dfixu.o)
    0x000011ba   0x000011ba   0x0000002e   Code   RO          246    x$fpl$dflt          fz_wm.l(dflt_clz.o)
    0x000011e8   0x000011e8   0x00000154   Code   RO          251    x$fpl$dmul          fz_wm.l(dmul.o)
    0x0000133c   0x0000133c   0x0000009c   Code   RO          254    x$fpl$dnaninf       fz_wm.l(dnaninf.o)
    0x000013d8   0x000013d8   0x0000000a   Code   RO          343    x$fpl$fpinit        fz_wm.l(fpinit.o)
    0x000013e2   0x000013e2   0x00000002   PAD
    0x000013e4   0x000013e4   0x00000020   Data   RO          413    Region$$Table       anon$$obj.o


    Execution Region ER_RW (Exec base: 0x10000000, Load base: 0x00001404, Size: 0x00000038, Max: 0xffffffff, ABSOLUTE)

    Exec Addr    Load Addr    Size         Type   Attr      Idx    E Section Name        Object

    0x10000000   0x00001404   0x00000028   Data   RW           25    .data               main.o
    0x10000028   0x0000142c   0x00000010   Data   RW          188    .data               system_lpc407x_8x_177x_8x.o


    Execution Region ER_ZI (Exec base: 0x10000038, Load base: 0x0000143c, Size: 0x00000460, Max: 0xffffffff, ABSOLUTE)

    Exec Addr    Load Addr    Size         Type   Attr      Idx    E Section Name        Object

    0x10000038        -       0x00000060   Zero   RW          285    .bss                c_w.l(libspace.o)
    0x10000098        -       0x00000000   Zero   RW          171    HEAP                startup_lpc407x_8x_177x_8x.o
    0x10000098        -       0x00000400   Zero   RW          170    STACK               startup_lpc407x_8x_177x_8x.o


==============================================================================

Image component sizes


      Code (inc. data)   RO Data    RW Data    ZI Data      Debug   Object Name

      2314        386          0         40          0      69284   main.o
        64         26        228          0       1024       1220   startup_lpc407x_8x_177x_8x.o
      1536        104          0         16          0       9001   system_lpc407x_8x_177x_8x.o

    ----------------------------------------------------------------------
      3916        516        260         56       1024      79505   Object Totals
         0          0         32          0          0          0   (incl. Generated)
         2          0          0          0          0          0   (incl. Padding)

    ----------------------------------------------------------------------

      Code (inc. data)   RO Data    RW Data    ZI Data      Debug   Library Member Name

         8          0          0          0          0         68   __main.o
         0          0          0          0          0          0   __rtentry.o
        12          0          0          0          0          0   __rtentry2.o
         6          0          0          0          0          0   __rtentry4.o
        52          8          0          0          0          0   __scatter.o
        26          0          0          0          0          0   __scatter_copy.o
        28          0          0          0          0          0   __scatter_zi.o
        18          0          0          0          0         80   exit.o
         6          0          0          0          0        152   heapauxi.o
         0          0          0          0          0          0   indicate_semi.o
         2          0          0          0          0          0   libinit.o
         6          0          0          0          0          0   libinit2.o
         2          0          0          0          0          0   libshutdown.o
         2          0          0          0          0          0   libshutdown2.o
         8          4          0          0         96         68   libspace.o
         2          0          0          0          0          0   rtexit.o
        10          0          0          0          0          0   rtexit2.o
        12          4          0          0          0         68   sys_exit.o
        74          0          0          0          0         80   sys_stackheap_outer.o
         2          0          0          0          0         68   use_no_semi.o
        90          4          0          0          0        140   dfixu.o
        46          0          0          0          0        116   dflt_clz.o
       340         12          0          0          0        152   dmul.o
       156          4          0          0          0        140   dnaninf.o
        12          0          0          0          0        116   dretinf.o
        10          0          0          0          0        116   fpinit.o
         0          0          0          0          0          0   usenofp.o

    ----------------------------------------------------------------------
       948         36          0          0         96       1364   Library Totals
        18          0          0          0          0          0   (incl. Padding)

    ----------------------------------------------------------------------

      Code (inc. data)   RO Data    RW Data    ZI Data      Debug   Library Name

       276         16          0          0         96        584   c_w.l
       654         20          0          0          0        780   fz_wm.l

    ----------------------------------------------------------------------
       948         36          0          0         96       1364   Library Totals

    ----------------------------------------------------------------------

==============================================================================


      Code (inc. data)   RO Data    RW Data    ZI Data      Debug   

      4864        552        260         56       1120      78313   Grand Totals
      4864        552        260         56       1120      78313   ELF Image Totals
      4864        552        260         56          0          0   ROM Totals

==============================================================================

    Total RO  Size (Code + RO Data)                 5124 (   5.00kB)
    Total RW  Size (RW Data + ZI Data)              1176 (   1.15kB)
    Total ROM Size (Code + RO Data + RW Data)       5180 (   5.06kB)

==============================================================================

